org\investpro\config\ProductionStartupValidatorTest.class
org\investpro\core\agents\symbol\SymbolAgentLifecycleTest.class
org\investpro\terminal\instrument\InstrumentMasterServiceTest.class
org\investpro\exchange\diagnostics\ExchangeDiagnosticsServiceTest.class
org\investpro\ai\AiModelCatalogTest.class
org\investpro\exchange\ibkr\IbkrAuthModeTest$MockIbkrGateway.class
org\investpro\ui\TradingDeskSessionTest.class
org\investpro\models\currency\DefaultMoneyFormatterTest.class
org\investpro\exchange\coordination\CircuitBreakerCoordinatorTest.class
org\investpro\asset\AssetRefreshSchedulerTest.class
org\investpro\market\InstrumentTradingSessionTest.class
org\investpro\ui\charts\ChartTimeframeTest.class
org\investpro\execution\PositionTransitionPolicyTest.class
org\investpro\strategy\user\UserStrategySystemAcceptanceTest$TestUserStrategy.class
org\investpro\ui\navigation\ScreenManagerTest$TestScreen.class
org\investpro\exchange\runtime\ExchangeRuntimeManagerTest.class
org\investpro\exchange\services\ExchangeServiceTest$StubExchangeAdapter.class
org\investpro\asset\AssetCatalogServiceTest.class
org\investpro\exchange\CoinbaseOrderPayloadTest.class
org\investpro\monitoring\SystemEventRecorderTest.class
org\investpro\strategy\auto\AiStrategyCandidateGeneratorTest.class
org\investpro\exchange\cache\CacheLayerTest.class
org\investpro\licensing\LicenseManagerTest.class
org\investpro\exchange\websocket\CoinbaseWebSocketClientTest.class
org\investpro\exchange\blockchain\execution\BlockchainExecutionServiceTest$1.class
org\investpro\exchange\coinbase\CoinbaseApiCredentialsTest.class
org\investpro\exchange\routing\SmartExecutionRouterTest.class
org\investpro\exchange\blockchain\execution\BlockchainExecutionServiceTest$4.class
org\investpro\exchange\diagnostics\ExchangeDiagnosticsServiceTest$ConfigurableExchangeAdapter.class
org\investpro\decision\BotTradeDecisionEnginePipelineTest.class
org\investpro\ai\local\grpc\AiCircuitBreakerTest.class
org\investpro\ai\local\grpc\LocalAiRuntimeServiceTest$FakePythonClient.class
org\investpro\ai\strategy\SafeAiStrategyGeneratorTest.class
org\investpro\core\agents\execution\TradeExecutionCoordinatorTest$1.class
org\investpro\strategy\auto\StrategyAssignmentEngineTest.class
org\investpro\core\agents\execution\TradeExecutionCoordinatorTest.class
org\investpro\models\currency\CurrencyRegistryTest$DuplicateUsdProvider.class
org\investpro\transfer\TransferServiceRealModeTest.class
org\investpro\models\currency\CurrencyRegistryTest$ReservedZeroZeroProvider.class
org\investpro\strategy\auto\AutoStrategySchedulerTest.class
org\investpro\risk\SmallAccountSizingPolicyTest.class
org\investpro\core\TelegramRemoteDeskTest$1.class
org\investpro\exchange\ibkr\IbkrTwsSessionTest$Socket.class
org\investpro\ui\navigation\NavigationLayoutTest.class
org\investpro\exchange\coinbase\CoinbaseCredentialInputTest.class
org\investpro\indicators\engine\IndicatorCalculatorRegistryTest.class
org\investpro\strategy\user\UserStrategySystemAcceptanceTest.class
org\investpro\exchange\websocket\CoinbaseWebSocketClientTest$NoopExchangeStreamConsumer.class
org\investpro\exchange\DeskExecutionRoutingTest.class
org\investpro\strategy\StrategyInstrumentCompatibilityServiceTest.class
org\investpro\exchange\blockchain\execution\BlockchainExecutionServiceTest$TestContext.class
org\investpro\exchange\TrailingStopOrderSupportTest$UnsupportedTrailingStopProvider.class
org\investpro\transfer\FundingDestinationParserTest.class
org\investpro\ui\charts\CandleStickChartClampTest.class
org\investpro\indicators\metadata\IndicatorDefinitionRegistryTest.class
org\investpro\exchange\ExchangeExecutionRoutingTest.class
org\investpro\spi\PluginRegistryTest.class
org\investpro\exchange\ibkr\IbkrUnifiedConnectionTest.class
org\investpro\strategy\auto\StrategyMutationEngineTest.class
org\investpro\agent\symbol\DefaultSymbolAgentTest$RecordingStrategyEvaluator.class
org\investpro\asset\AssetCatalogMergeServiceTest.class
org\investpro\trading\tradability\session\ExchangeSessionServiceTest.class
org\investpro\trading\tradability\session\ExchangeSessionServiceTest$1.class
org\investpro\exchange\ibkr\IbkrUnifiedConnectionTest$1.class
org\investpro\strategy\lab\StrategyVotingEngineTest.class
org\investpro\strategy\auto\StrategyCandidateValidatorTest.class
org\investpro\execution\OrderIntentAndBrokerActivityTest.class
org\investpro\exchange\StellarNetworkTest.class
org\investpro\exchange\services\ExchangeServiceTest.class
org\investpro\exchange\TrailingStopOrderSupportTest.class
org\investpro\ui\theme\MarketConfigurationTest.class
org\investpro\exchange\LocalPaperExecutionTest.class
org\investpro\ui\navigation\ScreenManagerTest$FxSupplier.class
org\investpro\spi\PluginRegistryTest$TestExchangeProvider.class
org\investpro\utils\SymbolNormalizerTest.class
org\investpro\news\NewsIntelligenceServicesTest.class
org\investpro\strategy\StrategyCatalogCandleReversalConfirmationTest.class
org\investpro\ui\navigation\ScreenManagerTest.class
org\investpro\ui\panels\BacktestReportPanelTest$1.class
org\investpro\exchange\normalization\NormalizationLayerTest.class
org\investpro\exchange\infrastructure\PollingExchangeStreamerTest.class
org\investpro\strategy\auto\FileStrategyMemoryRepositoryTest.class
org\investpro\asset\InMemoryLocalAssetRepository.class
org\investpro\strategy\persistence\UserStrategyDefinitionStoreTest.class
org\investpro\models\currency\CurrencyRegistryTest.class
org\investpro\ui\market\MarketWatchProductFilterTest.class
org\investpro\utils\CoinbaseJwtSignerTest.class
org\investpro\exchange\ibkr\IbkrProtocolRoutingTest.class
org\investpro\exchange\ibkr\StubIbkrTwsSession.class
org\investpro\news\NewsAggregatorServiceTest.class
org\investpro\strategy\auto\StrategyRankingEngineTest.class
org\investpro\agent\TradingAgentManagerTest.class
org\investpro\terminal\autotrading\TradabilityServiceTest.class
org\investpro\ui\panels\BacktestReportPanelTest.class
org\investpro\core\TelegramRemoteDeskTest.class
org\investpro\exchange\coinbase\CoinbaseMarketInstrumentMapperTest.class
org\investpro\exchange\blockchain\execution\BlockchainExecutionServiceTest$2.class
org\investpro\agent\MarketDataRouterTest.class
org\investpro\exchange\binanceus\BinanceUsSharedStateTest$TestExchange.class
org\investpro\strategy\lab\StrategyRankingEngineTest.class
org\investpro\market\BisMarketStructureServiceTest.class
org\investpro\agent\MarketDataRouterTest$RecordingAgent.class
org\investpro\strategy\UnifiedStrategyAiTest.class
org\investpro\strategy\management\StrategyLifecycleEngineAcceptanceTest.class
org\investpro\ai\local\grpc\LocalAiRuntimeServiceTest$TestFallbackAiService.class
org\investpro\terminal\autotrading\AutoTradingUniverseServiceTest.class
org\investpro\exchange\ibkr\IbkrTwsSessionTest.class
org\investpro\strategy\lab\StrategyBacktestRunnerRuleSignalTest.class
org\investpro\ui\charts\CanvasSizeLimitsTest.class
org\investpro\ai\local\grpc\LocalAiRuntimeServiceTest.class
org\investpro\core\agents\risk\RiskAgentTest.class
org\investpro\utils\CoinbaseCredentialDiagnosticTest.class
org\investpro\exchange\websocket\CoinbaseWebSocketClientTest$TestableCoinbaseWebSocketClient.class
org\investpro\core\agents\symbol\SymbolAgentManagerTest.class
org\investpro\models\currency\DefaultMoneyFormatterTest$MockCurrency.class
org\investpro\ui\panels\MarketWatchCsvTest.class
org\investpro\exchange\binanceus\BinanceUsCooldownTest.class
org\investpro\exchange\coinbase\CoinbaseProductSymbolParserTest.class
org\investpro\exchange\ibkr\IbkrIntegrationTest.class
org\investpro\ui\navigation\ScreenManagerTest$ThrowingRunnable.class
org\investpro\exchange\blockchain\execution\BlockchainExecutionServiceTest.class
org\investpro\news\RssNewsProviderTest.class
org\investpro\exchange\ibkr\IbkrAuthModeTest.class
org\investpro\transfer\TransferValidatorPolicyTest$1.class
org\investpro\exchange\binanceus\BinanceUsAccountStateTest.class
org\investpro\exchange\CoinbaseAdapterContractTest.class
org\investpro\core\agents\symbol\SymbolAgentStateTest.class
org\investpro\exchange\ibkr\IbkrGatewayCredentialsTest$1.class
org\investpro\exchange\OandaAdapterContractTest.class
org\investpro\ui\market\MarketWatchSymbolFormatterTest.class
org\investpro\terminal\autotrading\AutoTradingUniverseServiceTest$FakeProvider.class
org\investpro\exchange\SolonaNetworkTest.class
org\investpro\exchange\binanceus\BinanceUsSharedStateTest.class
org\investpro\strategy\auto\RuleBasedStrategyCandidateGeneratorTest.class
org\investpro\agent\symbol\DefaultSymbolAgentTest$RecordingExecutionEngine.class
org\investpro\exchange\coinbase\CoinbaseRestDiscoveryTest.class
org\investpro\asset\TradabilityServiceTest.class
org\investpro\exchange\blockchain\execution\BlockchainExecutionServiceTest$3.class
org\investpro\exchange\ibkr\IbkrGatewayCredentialsTest.class
org\investpro\execution\SymbolTradeLockManagerTest.class
org\investpro\strategy\management\StrategyAssignmentManagerSafetyGateTest$TestUserStrategy.class
org\investpro\strategy\management\StrategyAssignmentManagerSafetyGateTest.class
org\investpro\agent\symbol\DefaultSymbolAgentTest.class
org\investpro\agent\symbol\DefaultSymbolAgentTest$RecordingRiskEvaluator.class
org\investpro\exchange\credentials\ExchangeCredentialResolverTest.class
org\investpro\terminal\autotrading\TradabilityServiceTest$ContextBuilder.class
org\investpro\ui\panels\MarketWatchPanelTest.class
org\investpro\market\InstrumentMetadataServiceTest.class
org\investpro\transfer\TransferValidatorPolicyTest.class
org\investpro\terminal\adapter\TerminalExchangeMapperTest.class
