[INFO] Scanning for projects...
[INFO] 
[INFO] ----------------------< org.investpro:investpro >-----------------------
[INFO] Building InvestPro 1.0.0-SNAPSHOT
[INFO] --------------------------------[ jar ]---------------------------------
[INFO] 
[INFO] --- maven-clean-plugin:2.5:clean (default-clean) @ investpro ---
[INFO] Deleting C:\Users\nguem\Documents\GitHub\investpro\target
[INFO] 
[INFO] --- maven-resources-plugin:2.6:resources (default-resources) @ investpro ---
[INFO] Using 'UTF-8' encoding to copy filtered resources.
[INFO] Copying 194 resources
[INFO] 
[INFO] --- maven-compiler-plugin:3.13.0:compile (default-compile) @ investpro ---
[INFO] Recompiling the module because of changed source code.
[INFO] Compiling 449 source files with javac [debug target 21] to target\classes
[INFO] /C:/Users/nguem/Documents/GitHub/investpro/src/main/java/org/investpro/ui/TradingDesk.java: Some input files use unchecked or unsafe operations.
[INFO] /C:/Users/nguem/Documents/GitHub/investpro/src/main/java/org/investpro/ui/TradingDesk.java: Recompile with -Xlint:unchecked for details.
[INFO] -------------------------------------------------------------
[WARNING] COMPILATION WARNING : 
[INFO] -------------------------------------------------------------
[WARNING] /C:/Users/nguem/Documents/GitHub/investpro/src/main/java/org/investpro/market/InstrumentMarketState.java:[64,5] @Builder.Default requires @Builder or @SuperBuilder on the class for it to mean anything.
[WARNING] /C:/Users/nguem/Documents/GitHub/investpro/src/main/java/org/investpro/service/NewsBias.java:[30,25] @Builder will ignore the initializing expression entirely. If you want the initializing expression to serve as default, add @Builder.Default. If it is not supposed to be settable during building, make the field final.
[INFO] 2 warnings 
[INFO] -------------------------------------------------------------
[INFO] -------------------------------------------------------------
[ERROR] COMPILATION ERROR : 
[INFO] -------------------------------------------------------------
[ERROR] /C:/Users/nguem/Documents/GitHub/investpro/src/main/java/org/investpro/ui/TradingDesk.java:[2552,17] cannot find symbol
  symbol:   method setTimeFrame(org.investpro.enums.timeframe.Timeframe)
  location: variable selected of type org.investpro.models.trading.TradePair
[ERROR] /C:/Users/nguem/Documents/GitHub/investpro/src/main/java/org/investpro/models/trading/TradePair.java:[469,47] cannot find symbol
  symbol:   variable FOREX
  location: class org.investpro.enums.AssetClass
[ERROR] /C:/Users/nguem/Documents/GitHub/investpro/src/main/java/org/investpro/models/trading/TradePair.java:[516,71] cannot find symbol
  symbol:   variable FOREX
  location: class org.investpro.enums.AssetClass
[ERROR] /C:/Users/nguem/Documents/GitHub/investpro/src/main/java/org/investpro/ui/charts/ChartHeaderTradingView.java:[59,56] cannot find symbol
  symbol:   method getTimeFrame()
  location: class org.investpro.models.trading.TradePair
[ERROR] /C:/Users/nguem/Documents/GitHub/investpro/src/main/java/org/investpro/market/InstrumentMarketStateSnapshot.java:[75,47] cannot find symbol
  symbol:   method isEmpty()
  location: variable orderBook of type @org.jetbrains.annotations.Nullable org.investpro.models.trading.OrderBook
[ERROR] /C:/Users/nguem/Documents/GitHub/investpro/src/main/java/org/investpro/market/InstrumentMetadataService.java:[58,55] cannot find symbol
  symbol:   variable CRYPTO
  location: class org.investpro.enums.AssetClass
[ERROR] /C:/Users/nguem/Documents/GitHub/investpro/src/main/java/org/investpro/market/InstrumentMetadataService.java:[59,55] cannot find symbol
  symbol:   variable CRYPTO
  location: class org.investpro.enums.AssetClass
[ERROR] /C:/Users/nguem/Documents/GitHub/investpro/src/main/java/org/investpro/market/InstrumentMetadataService.java:[60,51] cannot find symbol
  symbol:   variable CRYPTO
  location: class org.investpro.enums.AssetClass
[ERROR] /C:/Users/nguem/Documents/GitHub/investpro/src/main/java/org/investpro/market/InstrumentMetadataService.java:[62,50] cannot find symbol
  symbol:   variable FOREX
  location: class org.investpro.enums.AssetClass
[ERROR] /C:/Users/nguem/Documents/GitHub/investpro/src/main/java/org/investpro/market/InstrumentMetadataService.java:[63,55] cannot find symbol
  symbol:   variable FOREX
  location: class org.investpro.enums.AssetClass
[ERROR] /C:/Users/nguem/Documents/GitHub/investpro/src/main/java/org/investpro/market/InstrumentMetadataService.java:[106,39] cannot find symbol
  symbol:   variable FOREX
  location: class org.investpro.enums.AssetClass
[ERROR] /C:/Users/nguem/Documents/GitHub/investpro/src/main/java/org/investpro/market/InstrumentMetadataService.java:[135,30] cannot find symbol
  symbol:   variable CRYPTO
  location: class org.investpro.enums.AssetClass
[ERROR] /C:/Users/nguem/Documents/GitHub/investpro/src/main/java/org/investpro/market/InstrumentMetadataService.java:[140,30] cannot find symbol
  symbol:   variable FOREX
  location: class org.investpro.enums.AssetClass
[ERROR] /C:/Users/nguem/Documents/GitHub/investpro/src/main/java/org/investpro/market/InstrumentMetadataService.java:[144,26] cannot find symbol
  symbol:   variable FOREX
  location: class org.investpro.enums.AssetClass
[ERROR] /C:/Users/nguem/Documents/GitHub/investpro/src/main/java/org/investpro/market/InstrumentMetadataService.java:[153,18] cannot find symbol
  symbol:   variable CRYPTO
  location: class org.investpro.market.InstrumentMetadataService
[ERROR] /C:/Users/nguem/Documents/GitHub/investpro/src/main/java/org/investpro/market/InstrumentMetadataService.java:[154,18] cannot find symbol
  symbol:   variable FOREX
  location: class org.investpro.market.InstrumentMetadataService
[ERROR] /C:/Users/nguem/Documents/GitHub/investpro/src/main/java/org/investpro/market/InstrumentMetadataService.java:[155,18] cannot find symbol
  symbol:   variable STOCK
  location: class org.investpro.market.InstrumentMetadataService
[ERROR] /C:/Users/nguem/Documents/GitHub/investpro/src/main/java/org/investpro/market/InstrumentMetadataService.java:[155,25] cannot find symbol
  symbol:   variable ETF
  location: class org.investpro.market.InstrumentMetadataService
[ERROR] /C:/Users/nguem/Documents/GitHub/investpro/src/main/java/org/investpro/market/InstrumentMetadataService.java:[156,18] cannot find symbol
  symbol:   variable FUTURE
  location: class org.investpro.market.InstrumentMetadataService
[ERROR] /C:/Users/nguem/Documents/GitHub/investpro/src/main/java/org/investpro/market/InstrumentMetadataService.java:[156,26] cannot find symbol
  symbol:   variable PERPETUAL
  location: class org.investpro.market.InstrumentMetadataService
[ERROR] /C:/Users/nguem/Documents/GitHub/investpro/src/main/java/org/investpro/market/InstrumentMetadataService.java:[157,18] cannot find symbol
  symbol:   variable OPTION
  location: class org.investpro.market.InstrumentMetadataService
[ERROR] /C:/Users/nguem/Documents/GitHub/investpro/src/main/java/org/investpro/market/InstrumentMetadataService.java:[159,18] cannot find symbol
  symbol:   variable CFD
  location: class org.investpro.market.InstrumentMetadataService
[ERROR] /C:/Users/nguem/Documents/GitHub/investpro/src/main/java/org/investpro/market/InstrumentMetadataService.java:[160,18] cannot find symbol
  symbol:   variable INDEX
  location: class org.investpro.market.InstrumentMetadataService
[ERROR] /C:/Users/nguem/Documents/GitHub/investpro/src/main/java/org/investpro/market/MarketDataCache.java:[203,53] long cannot be dereferenced
[ERROR] /C:/Users/nguem/Documents/GitHub/investpro/src/main/java/org/investpro/market/TradingSessionService.java:[52,51] cannot find symbol
  symbol:   variable CRYPTO
  location: class org.investpro.enums.AssetClass
[ERROR] /C:/Users/nguem/Documents/GitHub/investpro/src/main/java/org/investpro/market/TradingSessionService.java:[86,51] cannot find symbol
  symbol:   variable CRYPTO
  location: class org.investpro.enums.AssetClass
[ERROR] /C:/Users/nguem/Documents/GitHub/investpro/src/main/java/org/investpro/market/TradingSessionService.java:[110,48] cannot find symbol
  symbol:   method nextOpenTime(java.time.ZonedDateTime)
  location: class @org.jetbrains.annotations.Nullable org.investpro.market.InstrumentTradingSession
[ERROR] /C:/Users/nguem/Documents/GitHub/investpro/src/main/java/org/investpro/market/TradingSessionService.java:[132,48] cannot find symbol
  symbol:   method nextCloseTime(java.time.ZonedDateTime)
  location: class @org.jetbrains.annotations.Nullable org.investpro.market.InstrumentTradingSession
[ERROR] /C:/Users/nguem/Documents/GitHub/investpro/src/main/java/org/investpro/market/TradingSessionService.java:[159,51] cannot find symbol
  symbol:   variable CRYPTO
  location: class org.investpro.enums.AssetClass
[ERROR] /C:/Users/nguem/Documents/GitHub/investpro/src/main/java/org/investpro/market/TradingSessionService.java:[180,51] cannot find symbol
  symbol:   variable CRYPTO
  location: class org.investpro.enums.AssetClass
[ERROR] /C:/Users/nguem/Documents/GitHub/investpro/src/main/java/org/investpro/market/TradingSessionService.java:[185,48] cannot find symbol
  symbol:   method getHoursDescription()
  location: class @org.jetbrains.annotations.Nullable org.investpro.market.InstrumentTradingSession
[ERROR] /C:/Users/nguem/Documents/GitHub/investpro/src/main/java/org/investpro/market/TradingSessionService.java:[201,51] cannot find symbol
  symbol:   variable CRYPTO
  location: class org.investpro.enums.AssetClass
[ERROR] /C:/Users/nguem/Documents/GitHub/investpro/src/main/java/org/investpro/market/TradingSessionService.java:[209,48] cannot find symbol
  symbol:   method hasWeekendGap()
  location: class @org.jetbrains.annotations.Nullable org.investpro.market.InstrumentTradingSession
[INFO] 33 errors 
[INFO] -------------------------------------------------------------
[INFO] ------------------------------------------------------------------------
[INFO] BUILD FAILURE
[INFO] ------------------------------------------------------------------------
[INFO] Total time:  37.936 s
[INFO] Finished at: 2026-05-10T15:18:59-04:00
[INFO] ------------------------------------------------------------------------
[ERROR] Failed to execute goal org.apache.maven.plugins:maven-compiler-plugin:3.13.0:compile (default-compile) on project investpro: Compilation failure: Compilation failure: 
[ERROR] /C:/Users/nguem/Documents/GitHub/investpro/src/main/java/org/investpro/ui/TradingDesk.java:[2552,17] cannot find symbol
[ERROR]   symbol:   method setTimeFrame(org.investpro.enums.timeframe.Timeframe)
[ERROR]   location: variable selected of type org.investpro.models.trading.TradePair
[ERROR] /C:/Users/nguem/Documents/GitHub/investpro/src/main/java/org/investpro/models/trading/TradePair.java:[469,47] cannot find symbol
[ERROR]   symbol:   variable FOREX
[ERROR]   location: class org.investpro.enums.AssetClass
[ERROR] /C:/Users/nguem/Documents/GitHub/investpro/src/main/java/org/investpro/models/trading/TradePair.java:[516,71] cannot find symbol
[ERROR]   symbol:   variable FOREX
[ERROR]   location: class org.investpro.enums.AssetClass
[ERROR] /C:/Users/nguem/Documents/GitHub/investpro/src/main/java/org/investpro/ui/charts/ChartHeaderTradingView.java:[59,56] cannot find symbol
[ERROR]   symbol:   method getTimeFrame()
[ERROR]   location: class org.investpro.models.trading.TradePair
[ERROR] /C:/Users/nguem/Documents/GitHub/investpro/src/main/java/org/investpro/market/InstrumentMarketStateSnapshot.java:[75,47] cannot find symbol
[ERROR]   symbol:   method isEmpty()
[ERROR]   location: variable orderBook of type @org.jetbrains.annotations.Nullable org.investpro.models.trading.OrderBook
[ERROR] /C:/Users/nguem/Documents/GitHub/investpro/src/main/java/org/investpro/market/InstrumentMetadataService.java:[58,55] cannot find symbol
[ERROR]   symbol:   variable CRYPTO
[ERROR]   location: class org.investpro.enums.AssetClass
[ERROR] /C:/Users/nguem/Documents/GitHub/investpro/src/main/java/org/investpro/market/InstrumentMetadataService.java:[59,55] cannot find symbol
[ERROR]   symbol:   variable CRYPTO
[ERROR]   location: class org.investpro.enums.AssetClass
[ERROR] /C:/Users/nguem/Documents/GitHub/investpro/src/main/java/org/investpro/market/InstrumentMetadataService.java:[60,51] cannot find symbol
[ERROR]   symbol:   variable CRYPTO
[ERROR]   location: class org.investpro.enums.AssetClass
[ERROR] /C:/Users/nguem/Documents/GitHub/investpro/src/main/java/org/investpro/market/InstrumentMetadataService.java:[62,50] cannot find symbol
[ERROR]   symbol:   variable FOREX
[ERROR]   location: class org.investpro.enums.AssetClass
[ERROR] /C:/Users/nguem/Documents/GitHub/investpro/src/main/java/org/investpro/market/InstrumentMetadataService.java:[63,55] cannot find symbol
[ERROR]   symbol:   variable FOREX
[ERROR]   location: class org.investpro.enums.AssetClass
[ERROR] /C:/Users/nguem/Documents/GitHub/investpro/src/main/java/org/investpro/market/InstrumentMetadataService.java:[106,39] cannot find symbol
[ERROR]   symbol:   variable FOREX
[ERROR]   location: class org.investpro.enums.AssetClass
[ERROR] /C:/Users/nguem/Documents/GitHub/investpro/src/main/java/org/investpro/market/InstrumentMetadataService.java:[135,30] cannot find symbol
[ERROR]   symbol:   variable CRYPTO
[ERROR]   location: class org.investpro.enums.AssetClass
[ERROR] /C:/Users/nguem/Documents/GitHub/investpro/src/main/java/org/investpro/market/InstrumentMetadataService.java:[140,30] cannot find symbol
[ERROR]   symbol:   variable FOREX
[ERROR]   location: class org.investpro.enums.AssetClass
[ERROR] /C:/Users/nguem/Documents/GitHub/investpro/src/main/java/org/investpro/market/InstrumentMetadataService.java:[144,26] cannot find symbol
[ERROR]   symbol:   variable FOREX
[ERROR]   location: class org.investpro.enums.AssetClass
[ERROR] /C:/Users/nguem/Documents/GitHub/investpro/src/main/java/org/investpro/market/InstrumentMetadataService.java:[153,18] cannot find symbol
[ERROR]   symbol:   variable CRYPTO
[ERROR]   location: class org.investpro.market.InstrumentMetadataService
[ERROR] /C:/Users/nguem/Documents/GitHub/investpro/src/main/java/org/investpro/market/InstrumentMetadataService.java:[154,18] cannot find symbol
[ERROR]   symbol:   variable FOREX
[ERROR]   location: class org.investpro.market.InstrumentMetadataService
[ERROR] /C:/Users/nguem/Documents/GitHub/investpro/src/main/java/org/investpro/market/InstrumentMetadataService.java:[155,18] cannot find symbol
[ERROR]   symbol:   variable STOCK
[ERROR]   location: class org.investpro.market.InstrumentMetadataService
[ERROR] /C:/Users/nguem/Documents/GitHub/investpro/src/main/java/org/investpro/market/InstrumentMetadataService.java:[155,25] cannot find symbol
[ERROR]   symbol:   variable ETF
[ERROR]   location: class org.investpro.market.InstrumentMetadataService
[ERROR] /C:/Users/nguem/Documents/GitHub/investpro/src/main/java/org/investpro/market/InstrumentMetadataService.java:[156,18] cannot find symbol
[ERROR]   symbol:   variable FUTURE
[ERROR]   location: class org.investpro.market.InstrumentMetadataService
[ERROR] /C:/Users/nguem/Documents/GitHub/investpro/src/main/java/org/investpro/market/InstrumentMetadataService.java:[156,26] cannot find symbol
[ERROR]   symbol:   variable PERPETUAL
[ERROR]   location: class org.investpro.market.InstrumentMetadataService
[ERROR] /C:/Users/nguem/Documents/GitHub/investpro/src/main/java/org/investpro/market/InstrumentMetadataService.java:[157,18] cannot find symbol
[ERROR]   symbol:   variable OPTION
[ERROR]   location: class org.investpro.market.InstrumentMetadataService
[ERROR] /C:/Users/nguem/Documents/GitHub/investpro/src/main/java/org/investpro/market/InstrumentMetadataService.java:[159,18] cannot find symbol
[ERROR]   symbol:   variable CFD
[ERROR]   location: class org.investpro.market.InstrumentMetadataService
[ERROR] /C:/Users/nguem/Documents/GitHub/investpro/src/main/java/org/investpro/market/InstrumentMetadataService.java:[160,18] cannot find symbol
[ERROR]   symbol:   variable INDEX
[ERROR]   location: class org.investpro.market.InstrumentMetadataService
[ERROR] /C:/Users/nguem/Documents/GitHub/investpro/src/main/java/org/investpro/market/MarketDataCache.java:[203,53] long cannot be dereferenced
[ERROR] /C:/Users/nguem/Documents/GitHub/investpro/src/main/java/org/investpro/market/TradingSessionService.java:[52,51] cannot find symbol
[ERROR]   symbol:   variable CRYPTO
[ERROR]   location: class org.investpro.enums.AssetClass
[ERROR] /C:/Users/nguem/Documents/GitHub/investpro/src/main/java/org/investpro/market/TradingSessionService.java:[86,51] cannot find symbol
[ERROR]   symbol:   variable CRYPTO
[ERROR]   location: class org.investpro.enums.AssetClass
[ERROR] /C:/Users/nguem/Documents/GitHub/investpro/src/main/java/org/investpro/market/TradingSessionService.java:[110,48] cannot find symbol
[ERROR]   symbol:   method nextOpenTime(java.time.ZonedDateTime)
[ERROR]   location: class @org.jetbrains.annotations.Nullable org.investpro.market.InstrumentTradingSession
[ERROR] /C:/Users/nguem/Documents/GitHub/investpro/src/main/java/org/investpro/market/TradingSessionService.java:[132,48] cannot find symbol
[ERROR]   symbol:   method nextCloseTime(java.time.ZonedDateTime)
[ERROR]   location: class @org.jetbrains.annotations.Nullable org.investpro.market.InstrumentTradingSession
[ERROR] /C:/Users/nguem/Documents/GitHub/investpro/src/main/java/org/investpro/market/TradingSessionService.java:[159,51] cannot find symbol
[ERROR]   symbol:   variable CRYPTO
[ERROR]   location: class org.investpro.enums.AssetClass
[ERROR] /C:/Users/nguem/Documents/GitHub/investpro/src/main/java/org/investpro/market/TradingSessionService.java:[180,51] cannot find symbol
[ERROR]   symbol:   variable CRYPTO
[ERROR]   location: class org.investpro.enums.AssetClass
[ERROR] /C:/Users/nguem/Documents/GitHub/investpro/src/main/java/org/investpro/market/TradingSessionService.java:[185,48] cannot find symbol
[ERROR]   symbol:   method getHoursDescription()
[ERROR]   location: class @org.jetbrains.annotations.Nullable org.investpro.market.InstrumentTradingSession
[ERROR] /C:/Users/nguem/Documents/GitHub/investpro/src/main/java/org/investpro/market/TradingSessionService.java:[201,51] cannot find symbol
[ERROR]   symbol:   variable CRYPTO
[ERROR]   location: class org.investpro.enums.AssetClass
[ERROR] /C:/Users/nguem/Documents/GitHub/investpro/src/main/java/org/investpro/market/TradingSessionService.java:[209,48] cannot find symbol
[ERROR]   symbol:   method hasWeekendGap()
[ERROR]   location: class @org.jetbrains.annotations.Nullable org.investpro.market.InstrumentTradingSession
[ERROR] -> [Help 1]
[ERROR] 
[ERROR] To see the full stack trace of the errors, re-run Maven with the -e switch.
[ERROR] Re-run Maven using the -X switch to enable full debug logging.
[ERROR] 
[ERROR] For more information about the errors and possible solutions, please read the following articles:
[ERROR] [Help 1] http://cwiki.apache.org/confluence/display/MAVEN/MojoFailureException
