.\mvnw.cmd : WARNING: A restricted method in java.lang.System has been called
At line:1 char:195
+ ... 8a200396ba14646f3"; .\mvnw.cmd clean compile -DskipTests 2>&1 | Tee-O ...
+                         ~~~~~~~~~~~~~~~~~~~~~~~~~~~~~~~~~~~~~~~~~
    + CategoryInfo          : NotSpecified: (WARNING: A rest...has been called 
   :String) [], RemoteException
    + FullyQualifiedErrorId : NativeCommandError
 
WARNING: java.lang.System::load has been called by 
org.fusesource.jansi.internal.JansiLoader in an unnamed module (file:/C:/Users/
nguem/.m2/wrapper/dists/apache-maven-3.8.5-bin/5i5jha092a3i37g0paqnfr15e0/apach
e-maven-3.8.5/lib/jansi-2.4.0.jar)
WARNING: Use --enable-native-access=ALL-UNNAMED to avoid a warning for callers 
in this module
WARNING: Restricted methods will be blocked in a future release unless native 
access is enabled

WARNING: A terminally deprecated method in sun.misc.Unsafe has been called
WARNING: sun.misc.Unsafe::objectFieldOffset has been called by 
com.google.common.util.concurrent.AbstractFuture$UnsafeAtomicHelper (file:/C:/U
sers/nguem/.m2/wrapper/dists/apache-maven-3.8.5-bin/5i5jha092a3i37g0paqnfr15e0/
apache-maven-3.8.5/lib/guava-25.1-android.jar)
WARNING: Please consider reporting this to the maintainers of class 
com.google.common.util.concurrent.AbstractFuture$UnsafeAtomicHelper
WARNING: sun.misc.Unsafe::objectFieldOffset will be removed in a future release
WARNING: Final field _cipher in class 
org.sonatype.plexus.components.sec.dispatcher.DefaultSecDispatcher has been 
mutated reflectively by class org.eclipse.sisu.bean.BeanPropertyField in 
unnamed module @482cd91f (file:/C:/Users/nguem/.m2/wrapper/dists/apache-maven-3
.8.5-bin/5i5jha092a3i37g0paqnfr15e0/apache-maven-3.8.5/lib/org.eclipse.sisu.inj
ect-0.3.5.jar)
WARNING: Use --enable-final-field-mutation=ALL-UNNAMED to avoid a warning
WARNING: Mutating final fields will be blocked in a future release unless 
final field mutation is enabled
[INFO] Scanning for projects...
[INFO] 
[INFO] ----------------------< org.investpro:investpro >-----------------------
[INFO] Building InvestPro 1.0.0-SNAPSHOT
[INFO] --------------------------------[ jar ]---------------------------------
[WARNING] The POM for org.slf4j:slf4j-api:jar:1.7.25 is invalid, transitive dependencies (if any) will not be available, enable debug logging for more details
[WARNING] The POM for org.perfkit.sjk.parsers:sjk-jfr5:jar:0.5 is invalid, transitive dependencies (if any) will not be available, enable debug logging for more details
[WARNING] The POM for org.perfkit.sjk.parsers:sjk-jfr6:jar:0.7 is invalid, transitive dependencies (if any) will not be available, enable debug logging for more details
[WARNING] The POM for org.perfkit.sjk.parsers:sjk-nps:jar:0.5 is invalid, transitive dependencies (if any) will not be available, enable debug logging for more details
[WARNING] The artifact org.hibernate:hibernate-core:jar:6.2.0.CR3 has been relocated to org.hibernate.orm:hibernate-core:jar:6.2.0.CR3
[INFO] 
[INFO] --- maven-clean-plugin:2.5:clean (default-clean) @ investpro ---
[INFO] Deleting C:\Users\nguem\OneDrive\Desktop\investpro-1c434abd35b2c6ad7a85c5f8a200396ba14646f3\investpro-1c434abd35b2c6ad7a85c5f8a200396ba14646f3\target
[INFO] 
[INFO] --- maven-resources-plugin:2.6:resources (default-resources) @ investpro ---
[INFO] Using 'UTF-8' encoding to copy filtered resources.
[INFO] Copying 187 resources
[INFO] 
[INFO] --- maven-compiler-plugin:3.13.0:compile (default-compile) @ investpro ---
[INFO] Recompiling the module because of changed source code.
[INFO] Compiling 327 source files with javac [debug target 26] to target\classes
[INFO] /C:/Users/nguem/OneDrive/Desktop/investpro-1c434abd35b2c6ad7a85c5f8a200396ba14646f3/investpro-1c434abd35b2c6ad7a85c5f8a200396ba14646f3/src/main/java/org/investpro/ui/TradingWindow.java: Some input files use unchecked or unsafe operations.
[INFO] /C:/Users/nguem/OneDrive/Desktop/investpro-1c434abd35b2c6ad7a85c5f8a200396ba14646f3/investpro-1c434abd35b2c6ad7a85c5f8a200396ba14646f3/src/main/java/org/investpro/ui/TradingWindow.java: Recompile with -Xlint:unchecked for details.
[INFO] -------------------------------------------------------------
[ERROR] COMPILATION ERROR : 
[INFO] -------------------------------------------------------------
[ERROR] /C:/Users/nguem/OneDrive/Desktop/investpro-1c434abd35b2c6ad7a85c5f8a200396ba14646f3/investpro-1c434abd35b2c6ad7a85c5f8a200396ba14646f3/src/main/java/org/investpro/ui/charts/NewsEventOverlay.java:[131,11] cannot find symbol
  symbol:   method setTextAlignment(javafx.scene.text.TextAlignment)
  location: variable gc of type javafx.scene.canvas.GraphicsContext
[ERROR] /C:/Users/nguem/OneDrive/Desktop/investpro-1c434abd35b2c6ad7a85c5f8a200396ba14646f3/investpro-1c434abd35b2c6ad7a85c5f8a200396ba14646f3/src/main/java/org/investpro/utils/DelayedSizeChangeListener.java:[75,26] cannot find symbol
  symbol:   class TelegramApiException
  location: class org.investpro.utils.DelayedSizeChangeListener
[ERROR] /C:/Users/nguem/OneDrive/Desktop/investpro-1c434abd35b2c6ad7a85c5f8a200396ba14646f3/investpro-1c434abd35b2c6ad7a85c5f8a200396ba14646f3/src/main/java/org/investpro/ai/LocalAiPositionManagerService.java:[36,23] cannot find symbol
  symbol:   method warning(java.lang.String)
  location: variable logger of type org.slf4j.Logger
[ERROR] /C:/Users/nguem/OneDrive/Desktop/investpro-1c434abd35b2c6ad7a85c5f8a200396ba14646f3/investpro-1c434abd35b2c6ad7a85c5f8a200396ba14646f3/src/main/java/org/investpro/ai/LocalAiPositionManagerService.java:[53,19] cannot find symbol
  symbol:   method severe(java.lang.String)
  location: variable logger of type org.slf4j.Logger
[ERROR] /C:/Users/nguem/OneDrive/Desktop/investpro-1c434abd35b2c6ad7a85c5f8a200396ba14646f3/investpro-1c434abd35b2c6ad7a85c5f8a200396ba14646f3/src/main/java/org/investpro/ai/OpenAiPositionManagerService.java:[63,23] cannot find symbol
  symbol:   method warning(java.lang.String)
  location: variable logger of type org.slf4j.Logger
[ERROR] /C:/Users/nguem/OneDrive/Desktop/investpro-1c434abd35b2c6ad7a85c5f8a200396ba14646f3/investpro-1c434abd35b2c6ad7a85c5f8a200396ba14646f3/src/main/java/org/investpro/ai/OpenAiPositionManagerService.java:[69,35] cannot find symbol
  symbol:   variable PositionManagementPromptBuilder
  location: class org.investpro.ai.OpenAiPositionManagerService
[ERROR] /C:/Users/nguem/OneDrive/Desktop/investpro-1c434abd35b2c6ad7a85c5f8a200396ba14646f3/investpro-1c434abd35b2c6ad7a85c5f8a200396ba14646f3/src/main/java/org/investpro/ai/OpenAiPositionManagerService.java:[70,33] cannot find symbol
  symbol:   variable PositionManagementPromptBuilder
  location: class org.investpro.ai.OpenAiPositionManagerService
[ERROR] /C:/Users/nguem/OneDrive/Desktop/investpro-1c434abd35b2c6ad7a85c5f8a200396ba14646f3/investpro-1c434abd35b2c6ad7a85c5f8a200396ba14646f3/src/main/java/org/investpro/ai/OpenAiPositionManagerService.java:[85,19] cannot find symbol
  symbol:   method severe(java.lang.String)
  location: variable logger of type org.slf4j.Logger
[ERROR] /C:/Users/nguem/OneDrive/Desktop/investpro-1c434abd35b2c6ad7a85c5f8a200396ba14646f3/investpro-1c434abd35b2c6ad7a85c5f8a200396ba14646f3/src/main/java/org/investpro/ai/OpenAiPositionManagerService.java:[136,23] cannot find symbol
  symbol:   method warning(java.lang.String)
  location: variable logger of type org.slf4j.Logger
[ERROR] /C:/Users/nguem/OneDrive/Desktop/investpro-1c434abd35b2c6ad7a85c5f8a200396ba14646f3/investpro-1c434abd35b2c6ad7a85c5f8a200396ba14646f3/src/main/java/org/investpro/ai/OpenAiPositionManagerService.java:[146,23] cannot find symbol
  symbol:   method warning(java.lang.String)
  location: variable logger of type org.slf4j.Logger
[ERROR] /C:/Users/nguem/OneDrive/Desktop/investpro-1c434abd35b2c6ad7a85c5f8a200396ba14646f3/investpro-1c434abd35b2c6ad7a85c5f8a200396ba14646f3/src/main/java/org/investpro/ai/OpenAiPositionManagerService.java:[159,19] cannot find symbol
  symbol:   method severe(java.lang.String)
  location: variable logger of type org.slf4j.Logger
[ERROR] /C:/Users/nguem/OneDrive/Desktop/investpro-1c434abd35b2c6ad7a85c5f8a200396ba14646f3/investpro-1c434abd35b2c6ad7a85c5f8a200396ba14646f3/src/main/java/org/investpro/ai/OpenAiPositionManagerService.java:[216,19] cannot find symbol
  symbol:   method warning(java.lang.String)
  location: variable logger of type org.slf4j.Logger
[ERROR] /C:/Users/nguem/OneDrive/Desktop/investpro-1c434abd35b2c6ad7a85c5f8a200396ba14646f3/investpro-1c434abd35b2c6ad7a85c5f8a200396ba14646f3/src/main/java/org/investpro/ai/OpenAiPositionManagerService.java:[245,19] cannot find symbol
  symbol:   method warning(java.lang.String)
  location: variable logger of type org.slf4j.Logger
[ERROR] /C:/Users/nguem/OneDrive/Desktop/investpro-1c434abd35b2c6ad7a85c5f8a200396ba14646f3/investpro-1c434abd35b2c6ad7a85c5f8a200396ba14646f3/src/main/java/org/investpro/ai/PositionActionFinalGate.java:[43,19] cannot find symbol
  symbol:   method warning(java.lang.String)
  location: variable logger of type org.slf4j.Logger
[ERROR] /C:/Users/nguem/OneDrive/Desktop/investpro-1c434abd35b2c6ad7a85c5f8a200396ba14646f3/investpro-1c434abd35b2c6ad7a85c5f8a200396ba14646f3/src/main/java/org/investpro/ai/PositionActionFinalGate.java:[53,13] cannot find symbol
  symbol:   variable riskDecision
  location: class org.investpro.ai.PositionActionFinalGate
[ERROR] /C:/Users/nguem/OneDrive/Desktop/investpro-1c434abd35b2c6ad7a85c5f8a200396ba14646f3/investpro-1c434abd35b2c6ad7a85c5f8a200396ba14646f3/src/main/java/org/investpro/ai/PositionActionFinalGate.java:[63,40] cannot find symbol
  symbol:   variable riskDecision
  location: class org.investpro.ai.PositionActionFinalGate
[ERROR] /C:/Users/nguem/OneDrive/Desktop/investpro-1c434abd35b2c6ad7a85c5f8a200396ba14646f3/investpro-1c434abd35b2c6ad7a85c5f8a200396ba14646f3/src/main/java/org/investpro/ai/PositionActionFinalGate.java:[81,18] cannot find symbol
  symbol:   variable riskDecision
  location: class org.investpro.ai.PositionActionFinalGate
[ERROR] /C:/Users/nguem/OneDrive/Desktop/investpro-1c434abd35b2c6ad7a85c5f8a200396ba14646f3/investpro-1c434abd35b2c6ad7a85c5f8a200396ba14646f3/src/main/java/org/investpro/ai/PositionActionFinalGate.java:[82,23] cannot find symbol
  symbol:   method warning(java.lang.String)
  location: variable logger of type org.slf4j.Logger
[ERROR] /C:/Users/nguem/OneDrive/Desktop/investpro-1c434abd35b2c6ad7a85c5f8a200396ba14646f3/investpro-1c434abd35b2c6ad7a85c5f8a200396ba14646f3/src/main/java/org/investpro/ai/PositionActionFinalGate.java:[85,21] cannot find symbol
  symbol:   variable riskDecision
  location: class org.investpro.ai.PositionActionFinalGate
[ERROR] /C:/Users/nguem/OneDrive/Desktop/investpro-1c434abd35b2c6ad7a85c5f8a200396ba14646f3/investpro-1c434abd35b2c6ad7a85c5f8a200396ba14646f3/src/main/java/org/investpro/ai/PositionActionFinalGate.java:[86,28] cannot find symbol
  symbol:   variable riskDecision
  location: class org.investpro.ai.PositionActionFinalGate
[ERROR] /C:/Users/nguem/OneDrive/Desktop/investpro-1c434abd35b2c6ad7a85c5f8a200396ba14646f3/investpro-1c434abd35b2c6ad7a85c5f8a200396ba14646f3/src/main/java/org/investpro/ai/PositionActionFinalGate.java:[90,54] cannot find symbol
  symbol:   variable riskDecision
  location: class org.investpro.ai.PositionActionFinalGate
[ERROR] /C:/Users/nguem/OneDrive/Desktop/investpro-1c434abd35b2c6ad7a85c5f8a200396ba14646f3/investpro-1c434abd35b2c6ad7a85c5f8a200396ba14646f3/src/main/java/org/investpro/ai/PositionActionFinalGate.java:[137,23] cannot find symbol
  symbol:   method warning(java.lang.String)
  location: variable logger of type org.slf4j.Logger
[ERROR] /C:/Users/nguem/OneDrive/Desktop/investpro-1c434abd35b2c6ad7a85c5f8a200396ba14646f3/investpro-1c434abd35b2c6ad7a85c5f8a200396ba14646f3/src/main/java/org/investpro/ai/PositionActionFinalGate.java:[146,23] cannot find symbol
  symbol:   method warning(java.lang.String)
  location: variable logger of type org.slf4j.Logger
[ERROR] /C:/Users/nguem/OneDrive/Desktop/investpro-1c434abd35b2c6ad7a85c5f8a200396ba14646f3/investpro-1c434abd35b2c6ad7a85c5f8a200396ba14646f3/src/main/java/org/investpro/ai/PositionActionFinalGate.java:[166,23] cannot find symbol
  symbol:   method warning(java.lang.String)
  location: variable logger of type org.slf4j.Logger
[ERROR] /C:/Users/nguem/OneDrive/Desktop/investpro-1c434abd35b2c6ad7a85c5f8a200396ba14646f3/investpro-1c434abd35b2c6ad7a85c5f8a200396ba14646f3/src/main/java/org/investpro/ai/PositionActionFinalGate.java:[203,23] cannot find symbol
  symbol:   method warning(java.lang.String)
  location: variable logger of type org.slf4j.Logger
[ERROR] /C:/Users/nguem/OneDrive/Desktop/investpro-1c434abd35b2c6ad7a85c5f8a200396ba14646f3/investpro-1c434abd35b2c6ad7a85c5f8a200396ba14646f3/src/main/java/org/investpro/ai/PositionActionFinalGate.java:[223,23] cannot find symbol
  symbol:   method warning(java.lang.String)
  location: variable logger of type org.slf4j.Logger
[ERROR] /C:/Users/nguem/OneDrive/Desktop/investpro-1c434abd35b2c6ad7a85c5f8a200396ba14646f3/investpro-1c434abd35b2c6ad7a85c5f8a200396ba14646f3/src/main/java/org/investpro/ai/PositionActionFinalGate.java:[251,15] cannot find symbol
  symbol:   method warning(java.lang.String)
  location: variable logger of type org.slf4j.Logger
[ERROR] /C:/Users/nguem/OneDrive/Desktop/investpro-1c434abd35b2c6ad7a85c5f8a200396ba14646f3/investpro-1c434abd35b2c6ad7a85c5f8a200396ba14646f3/src/main/java/org/investpro/exchange/Coinbase.java:[105,13] cannot find symbol
  symbol:   variable logger
  location: class org.investpro.exchange.Coinbase
[ERROR] /C:/Users/nguem/OneDrive/Desktop/investpro-1c434abd35b2c6ad7a85c5f8a200396ba14646f3/investpro-1c434abd35b2c6ad7a85c5f8a200396ba14646f3/src/main/java/org/investpro/exchange/Coinbase.java:[112,17] cannot find symbol
  symbol:   variable logger
  location: class org.investpro.exchange.Coinbase
[ERROR] /C:/Users/nguem/OneDrive/Desktop/investpro-1c434abd35b2c6ad7a85c5f8a200396ba14646f3/investpro-1c434abd35b2c6ad7a85c5f8a200396ba14646f3/src/main/java/org/investpro/exchange/Coinbase.java:[114,17] cannot find symbol
  symbol:   variable logger
  location: class org.investpro.exchange.Coinbase
[ERROR] /C:/Users/nguem/OneDrive/Desktop/investpro-1c434abd35b2c6ad7a85c5f8a200396ba14646f3/investpro-1c434abd35b2c6ad7a85c5f8a200396ba14646f3/src/main/java/org/investpro/exchange/Coinbase.java:[138,13] cannot find symbol
  symbol:   variable logger
  location: class org.investpro.exchange.Coinbase
[ERROR] /C:/Users/nguem/OneDrive/Desktop/investpro-1c434abd35b2c6ad7a85c5f8a200396ba14646f3/investpro-1c434abd35b2c6ad7a85c5f8a200396ba14646f3/src/main/java/org/investpro/exchange/Coinbase.java:[143,9] cannot find symbol
  symbol:   variable logger
  location: class org.investpro.exchange.Coinbase
[ERROR] /C:/Users/nguem/OneDrive/Desktop/investpro-1c434abd35b2c6ad7a85c5f8a200396ba14646f3/investpro-1c434abd35b2c6ad7a85c5f8a200396ba14646f3/src/main/java/org/investpro/exchange/Coinbase.java:[217,13] cannot find symbol
  symbol:   variable logger
  location: class org.investpro.exchange.Coinbase
[ERROR] /C:/Users/nguem/OneDrive/Desktop/investpro-1c434abd35b2c6ad7a85c5f8a200396ba14646f3/investpro-1c434abd35b2c6ad7a85c5f8a200396ba14646f3/src/main/java/org/investpro/exchange/Coinbase.java:[221,17] cannot find symbol
  symbol:   variable logger
  location: class org.investpro.exchange.Coinbase
[ERROR] /C:/Users/nguem/OneDrive/Desktop/investpro-1c434abd35b2c6ad7a85c5f8a200396ba14646f3/investpro-1c434abd35b2c6ad7a85c5f8a200396ba14646f3/src/main/java/org/investpro/exchange/Coinbase.java:[226,21] cannot find symbol
  symbol:   variable logger
  location: class org.investpro.exchange.Coinbase
[ERROR] /C:/Users/nguem/OneDrive/Desktop/investpro-1c434abd35b2c6ad7a85c5f8a200396ba14646f3/investpro-1c434abd35b2c6ad7a85c5f8a200396ba14646f3/src/main/java/org/investpro/exchange/Coinbase.java:[229,17] cannot find symbol
  symbol:   variable logger
  location: class org.investpro.exchange.Coinbase
[ERROR] /C:/Users/nguem/OneDrive/Desktop/investpro-1c434abd35b2c6ad7a85c5f8a200396ba14646f3/investpro-1c434abd35b2c6ad7a85c5f8a200396ba14646f3/src/main/java/org/investpro/exchange/Coinbase.java:[233,13] cannot find symbol
  symbol:   variable logger
  location: class org.investpro.exchange.Coinbase
[ERROR] /C:/Users/nguem/OneDrive/Desktop/investpro-1c434abd35b2c6ad7a85c5f8a200396ba14646f3/investpro-1c434abd35b2c6ad7a85c5f8a200396ba14646f3/src/main/java/org/investpro/exchange/Coinbase.java:[236,13] cannot find symbol
  symbol:   variable logger
  location: class org.investpro.exchange.Coinbase
[ERROR] /C:/Users/nguem/OneDrive/Desktop/investpro-1c434abd35b2c6ad7a85c5f8a200396ba14646f3/investpro-1c434abd35b2c6ad7a85c5f8a200396ba14646f3/src/main/java/org/investpro/exchange/Coinbase.java:[251,13] cannot find symbol
  symbol:   variable logger
  location: class org.investpro.exchange.Coinbase
[ERROR] /C:/Users/nguem/OneDrive/Desktop/investpro-1c434abd35b2c6ad7a85c5f8a200396ba14646f3/investpro-1c434abd35b2c6ad7a85c5f8a200396ba14646f3/src/main/java/org/investpro/exchange/Coinbase.java:[369,13] cannot find symbol
  symbol:   variable logger
  location: class org.investpro.exchange.Coinbase
[ERROR] /C:/Users/nguem/OneDrive/Desktop/investpro-1c434abd35b2c6ad7a85c5f8a200396ba14646f3/investpro-1c434abd35b2c6ad7a85c5f8a200396ba14646f3/src/main/java/org/investpro/exchange/Coinbase.java:[378,13] cannot find symbol
  symbol:   variable logger
  location: class org.investpro.exchange.Coinbase
[ERROR] /C:/Users/nguem/OneDrive/Desktop/investpro-1c434abd35b2c6ad7a85c5f8a200396ba14646f3/investpro-1c434abd35b2c6ad7a85c5f8a200396ba14646f3/src/main/java/org/investpro/exchange/Coinbase.java:[384,9] cannot find symbol
  symbol:   variable logger
  location: class org.investpro.exchange.Coinbase
[ERROR] /C:/Users/nguem/OneDrive/Desktop/investpro-1c434abd35b2c6ad7a85c5f8a200396ba14646f3/investpro-1c434abd35b2c6ad7a85c5f8a200396ba14646f3/src/main/java/org/investpro/exchange/Coinbase.java:[437,17] cannot find symbol
  symbol:   variable logger
  location: class org.investpro.exchange.Coinbase
[ERROR] /C:/Users/nguem/OneDrive/Desktop/investpro-1c434abd35b2c6ad7a85c5f8a200396ba14646f3/investpro-1c434abd35b2c6ad7a85c5f8a200396ba14646f3/src/main/java/org/investpro/exchange/Coinbase.java:[629,13] cannot find symbol
  symbol:   variable logger
  location: class org.investpro.exchange.Coinbase
[ERROR] /C:/Users/nguem/OneDrive/Desktop/investpro-1c434abd35b2c6ad7a85c5f8a200396ba14646f3/investpro-1c434abd35b2c6ad7a85c5f8a200396ba14646f3/src/main/java/org/investpro/exchange/Coinbase.java:[636,13] cannot find symbol
  symbol:   variable logger
  location: class org.investpro.exchange.Coinbase
[ERROR] /C:/Users/nguem/OneDrive/Desktop/investpro-1c434abd35b2c6ad7a85c5f8a200396ba14646f3/investpro-1c434abd35b2c6ad7a85c5f8a200396ba14646f3/src/main/java/org/investpro/exchange/Coinbase.java:[704,13] cannot find symbol
  symbol:   variable logger
  location: class org.investpro.exchange.Coinbase
[ERROR] /C:/Users/nguem/OneDrive/Desktop/investpro-1c434abd35b2c6ad7a85c5f8a200396ba14646f3/investpro-1c434abd35b2c6ad7a85c5f8a200396ba14646f3/src/main/java/org/investpro/exchange/Coinbase.java:[1412,39] cannot find symbol
  symbol:   variable logger
  location: class org.investpro.exchange.Coinbase
[ERROR] /C:/Users/nguem/OneDrive/Desktop/investpro-1c434abd35b2c6ad7a85c5f8a200396ba14646f3/investpro-1c434abd35b2c6ad7a85c5f8a200396ba14646f3/src/main/java/org/investpro/exchange/Coinbase.java:[1414,21] cannot find symbol
  symbol:   variable logger
  location: class org.investpro.exchange.Coinbase
[ERROR] /C:/Users/nguem/OneDrive/Desktop/investpro-1c434abd35b2c6ad7a85c5f8a200396ba14646f3/investpro-1c434abd35b2c6ad7a85c5f8a200396ba14646f3/src/main/java/org/investpro/exchange/Coinbase.java:[1438,25] cannot find symbol
  symbol:   variable logger
  location: class org.investpro.exchange.Coinbase
[ERROR] /C:/Users/nguem/OneDrive/Desktop/investpro-1c434abd35b2c6ad7a85c5f8a200396ba14646f3/investpro-1c434abd35b2c6ad7a85c5f8a200396ba14646f3/src/main/java/org/investpro/exchange/Coinbase.java:[1542,29] cannot find symbol
  symbol:   variable logger
  location: class org.investpro.exchange.Coinbase
[ERROR] /C:/Users/nguem/OneDrive/Desktop/investpro-1c434abd35b2c6ad7a85c5f8a200396ba14646f3/investpro-1c434abd35b2c6ad7a85c5f8a200396ba14646f3/src/main/java/org/investpro/exchange/Coinbase.java:[1675,40] cannot find symbol
  symbol:   variable logger
  location: class org.investpro.exchange.Coinbase
[ERROR] /C:/Users/nguem/OneDrive/Desktop/investpro-1c434abd35b2c6ad7a85c5f8a200396ba14646f3/investpro-1c434abd35b2c6ad7a85c5f8a200396ba14646f3/src/main/java/org/investpro/exchange/Coinbase.java:[1677,21] cannot find symbol
  symbol:   variable logger
  location: class org.investpro.exchange.Coinbase
[ERROR] /C:/Users/nguem/OneDrive/Desktop/investpro-1c434abd35b2c6ad7a85c5f8a200396ba14646f3/investpro-1c434abd35b2c6ad7a85c5f8a200396ba14646f3/src/main/java/org/investpro/exchange/Coinbase.java:[1692,40] cannot find symbol
  symbol:   variable logger
  location: class org.investpro.exchange.Coinbase
[ERROR] /C:/Users/nguem/OneDrive/Desktop/investpro-1c434abd35b2c6ad7a85c5f8a200396ba14646f3/investpro-1c434abd35b2c6ad7a85c5f8a200396ba14646f3/src/main/java/org/investpro/exchange/Coinbase.java:[1694,21] cannot find symbol
  symbol:   variable logger
  location: class org.investpro.exchange.Coinbase
[ERROR] /C:/Users/nguem/OneDrive/Desktop/investpro-1c434abd35b2c6ad7a85c5f8a200396ba14646f3/investpro-1c434abd35b2c6ad7a85c5f8a200396ba14646f3/src/main/java/org/investpro/exchange/Coinbase.java:[1704,13] cannot find symbol
  symbol:   variable logger
  location: class org.investpro.exchange.Coinbase
[ERROR] /C:/Users/nguem/OneDrive/Desktop/investpro-1c434abd35b2c6ad7a85c5f8a200396ba14646f3/investpro-1c434abd35b2c6ad7a85c5f8a200396ba14646f3/src/main/java/org/investpro/exchange/Coinbase.java:[1709,17] cannot find symbol
  symbol:   variable logger
  location: class org.investpro.exchange.Coinbase
[ERROR] /C:/Users/nguem/OneDrive/Desktop/investpro-1c434abd35b2c6ad7a85c5f8a200396ba14646f3/investpro-1c434abd35b2c6ad7a85c5f8a200396ba14646f3/src/main/java/org/investpro/exchange/Coinbase.java:[1715,13] cannot find symbol
  symbol:   variable logger
  location: class org.investpro.exchange.Coinbase
[ERROR] /C:/Users/nguem/OneDrive/Desktop/investpro-1c434abd35b2c6ad7a85c5f8a200396ba14646f3/investpro-1c434abd35b2c6ad7a85c5f8a200396ba14646f3/src/main/java/org/investpro/exchange/Coinbase.java:[1726,13] cannot find symbol
  symbol:   variable logger
  location: class org.investpro.exchange.Coinbase
[ERROR] /C:/Users/nguem/OneDrive/Desktop/investpro-1c434abd35b2c6ad7a85c5f8a200396ba14646f3/investpro-1c434abd35b2c6ad7a85c5f8a200396ba14646f3/src/main/java/org/investpro/exchange/Coinbase.java:[1847,33] cannot find symbol
  symbol:   variable logger
  location: class org.investpro.exchange.Coinbase
[ERROR] /C:/Users/nguem/OneDrive/Desktop/investpro-1c434abd35b2c6ad7a85c5f8a200396ba14646f3/investpro-1c434abd35b2c6ad7a85c5f8a200396ba14646f3/src/main/java/org/investpro/exchange/Coinbase.java:[2118,13] cannot find symbol
  symbol:   variable logger
  location: class org.investpro.exchange.Coinbase
[ERROR] /C:/Users/nguem/OneDrive/Desktop/investpro-1c434abd35b2c6ad7a85c5f8a200396ba14646f3/investpro-1c434abd35b2c6ad7a85c5f8a200396ba14646f3/src/main/java/org/investpro/exchange/Coinbase.java:[2184,9] cannot find symbol
  symbol:   variable logger
  location: class org.investpro.exchange.Coinbase
[ERROR] /C:/Users/nguem/OneDrive/Desktop/investpro-1c434abd35b2c6ad7a85c5f8a200396ba14646f3/investpro-1c434abd35b2c6ad7a85c5f8a200396ba14646f3/src/main/java/org/investpro/exchange/Coinbase.java:[2231,9] cannot find symbol
  symbol:   variable logger
  location: class org.investpro.exchange.Coinbase
[ERROR] /C:/Users/nguem/OneDrive/Desktop/investpro-1c434abd35b2c6ad7a85c5f8a200396ba14646f3/investpro-1c434abd35b2c6ad7a85c5f8a200396ba14646f3/src/main/java/org/investpro/exchange/Coinbase.java:[2313,17] cannot find symbol
  symbol:   variable logger
  location: class org.investpro.exchange.Coinbase
[ERROR] /C:/Users/nguem/OneDrive/Desktop/investpro-1c434abd35b2c6ad7a85c5f8a200396ba14646f3/investpro-1c434abd35b2c6ad7a85c5f8a200396ba14646f3/src/main/java/org/investpro/exchange/Coinbase.java:[2319,17] cannot find symbol
  symbol:   variable logger
  location: class org.investpro.exchange.Coinbase
[ERROR] /C:/Users/nguem/OneDrive/Desktop/investpro-1c434abd35b2c6ad7a85c5f8a200396ba14646f3/investpro-1c434abd35b2c6ad7a85c5f8a200396ba14646f3/src/main/java/org/investpro/exchange/Coinbase.java:[2386,13] cannot find symbol
  symbol:   variable logger
  location: class org.investpro.exchange.Coinbase
[ERROR] /C:/Users/nguem/OneDrive/Desktop/investpro-1c434abd35b2c6ad7a85c5f8a200396ba14646f3/investpro-1c434abd35b2c6ad7a85c5f8a200396ba14646f3/src/main/java/org/investpro/exchange/Coinbase.java:[2408,13] cannot find symbol
  symbol:   variable logger
  location: class org.investpro.exchange.Coinbase
[ERROR] /C:/Users/nguem/OneDrive/Desktop/investpro-1c434abd35b2c6ad7a85c5f8a200396ba14646f3/investpro-1c434abd35b2c6ad7a85c5f8a200396ba14646f3/src/main/java/org/investpro/exchange/Coinbase.java:[2431,13] cannot find symbol
  symbol:   variable logger
  location: class org.investpro.exchange.Coinbase
[ERROR] /C:/Users/nguem/OneDrive/Desktop/investpro-1c434abd35b2c6ad7a85c5f8a200396ba14646f3/investpro-1c434abd35b2c6ad7a85c5f8a200396ba14646f3/src/main/java/org/investpro/exchange/Coinbase.java:[2492,13] cannot find symbol
  symbol:   variable logger
  location: class org.investpro.exchange.Coinbase
[ERROR] /C:/Users/nguem/OneDrive/Desktop/investpro-1c434abd35b2c6ad7a85c5f8a200396ba14646f3/investpro-1c434abd35b2c6ad7a85c5f8a200396ba14646f3/src/main/java/org/investpro/exchange/Coinbase.java:[2503,13] cannot find symbol
  symbol:   variable logger
  location: class org.investpro.exchange.Coinbase
[ERROR] /C:/Users/nguem/OneDrive/Desktop/investpro-1c434abd35b2c6ad7a85c5f8a200396ba14646f3/investpro-1c434abd35b2c6ad7a85c5f8a200396ba14646f3/src/main/java/org/investpro/exchange/Coinbase.java:[2534,13] cannot find symbol
  symbol:   variable logger
  location: class org.investpro.exchange.Coinbase
[ERROR] /C:/Users/nguem/OneDrive/Desktop/investpro-1c434abd35b2c6ad7a85c5f8a200396ba14646f3/investpro-1c434abd35b2c6ad7a85c5f8a200396ba14646f3/src/main/java/org/investpro/exchange/Coinbase.java:[2557,13] cannot find symbol
  symbol:   variable logger
  location: class org.investpro.exchange.Coinbase
[ERROR] /C:/Users/nguem/OneDrive/Desktop/investpro-1c434abd35b2c6ad7a85c5f8a200396ba14646f3/investpro-1c434abd35b2c6ad7a85c5f8a200396ba14646f3/src/main/java/org/investpro/exchange/Coinbase.java:[2584,13] cannot find symbol
  symbol:   variable logger
  location: class org.investpro.exchange.Coinbase
[ERROR] /C:/Users/nguem/OneDrive/Desktop/investpro-1c434abd35b2c6ad7a85c5f8a200396ba14646f3/investpro-1c434abd35b2c6ad7a85c5f8a200396ba14646f3/src/main/java/org/investpro/exchange/Coinbase.java:[2612,13] cannot find symbol
  symbol:   variable logger
  location: class org.investpro.exchange.Coinbase
[ERROR] /C:/Users/nguem/OneDrive/Desktop/investpro-1c434abd35b2c6ad7a85c5f8a200396ba14646f3/investpro-1c434abd35b2c6ad7a85c5f8a200396ba14646f3/src/main/java/org/investpro/exchange/Coinbase.java:[2650,13] cannot find symbol
  symbol:   variable logger
  location: class org.investpro.exchange.Coinbase
[ERROR] /C:/Users/nguem/OneDrive/Desktop/investpro-1c434abd35b2c6ad7a85c5f8a200396ba14646f3/investpro-1c434abd35b2c6ad7a85c5f8a200396ba14646f3/src/main/java/org/investpro/exchange/Coinbase.java:[2682,13] cannot find symbol
  symbol:   variable logger
  location: class org.investpro.exchange.Coinbase
[ERROR] /C:/Users/nguem/OneDrive/Desktop/investpro-1c434abd35b2c6ad7a85c5f8a200396ba14646f3/investpro-1c434abd35b2c6ad7a85c5f8a200396ba14646f3/src/main/java/org/investpro/exchange/CoinbaseCredentialProvider.java:[197,19] cannot find symbol
  symbol:   method warning(java.lang.String)
  location: variable logger of type org.slf4j.Logger
[INFO] 76 errors 
[INFO] -------------------------------------------------------------
[INFO] ------------------------------------------------------------------------
[INFO] BUILD FAILURE
[INFO] ------------------------------------------------------------------------
[INFO] Total time:  50.083 s
[INFO] Finished at: 2026-05-06T13:36:41-04:00
[INFO] ------------------------------------------------------------------------
[ERROR] Failed to execute goal org.apache.maven.plugins:maven-compiler-plugin:3.13.0:compile (default-compile) on project investpro: Compilation failure: Compilation failure: 
[ERROR] /C:/Users/nguem/OneDrive/Desktop/investpro-1c434abd35b2c6ad7a85c5f8a200396ba14646f3/investpro-1c434abd35b2c6ad7a85c5f8a200396ba14646f3/src/main/java/org/investpro/ui/charts/NewsEventOverlay.java:[131,11] cannot find symbol
[ERROR]   symbol:   method setTextAlignment(javafx.scene.text.TextAlignment)
[ERROR]   location: variable gc of type javafx.scene.canvas.GraphicsContext
[ERROR] /C:/Users/nguem/OneDrive/Desktop/investpro-1c434abd35b2c6ad7a85c5f8a200396ba14646f3/investpro-1c434abd35b2c6ad7a85c5f8a200396ba14646f3/src/main/java/org/investpro/utils/DelayedSizeChangeListener.java:[75,26] cannot find symbol
[ERROR]   symbol:   class TelegramApiException
[ERROR]   location: class org.investpro.utils.DelayedSizeChangeListener
[ERROR] /C:/Users/nguem/OneDrive/Desktop/investpro-1c434abd35b2c6ad7a85c5f8a200396ba14646f3/investpro-1c434abd35b2c6ad7a85c5f8a200396ba14646f3/src/main/java/org/investpro/ai/LocalAiPositionManagerService.java:[36,23] cannot find symbol
[ERROR]   symbol:   method warning(java.lang.String)
[ERROR]   location: variable logger of type org.slf4j.Logger
[ERROR] /C:/Users/nguem/OneDrive/Desktop/investpro-1c434abd35b2c6ad7a85c5f8a200396ba14646f3/investpro-1c434abd35b2c6ad7a85c5f8a200396ba14646f3/src/main/java/org/investpro/ai/LocalAiPositionManagerService.java:[53,19] cannot find symbol
[ERROR]   symbol:   method severe(java.lang.String)
[ERROR]   location: variable logger of type org.slf4j.Logger
[ERROR] /C:/Users/nguem/OneDrive/Desktop/investpro-1c434abd35b2c6ad7a85c5f8a200396ba14646f3/investpro-1c434abd35b2c6ad7a85c5f8a200396ba14646f3/src/main/java/org/investpro/ai/OpenAiPositionManagerService.java:[63,23] cannot find symbol
[ERROR]   symbol:   method warning(java.lang.String)
[ERROR]   location: variable logger of type org.slf4j.Logger
[ERROR] /C:/Users/nguem/OneDrive/Desktop/investpro-1c434abd35b2c6ad7a85c5f8a200396ba14646f3/investpro-1c434abd35b2c6ad7a85c5f8a200396ba14646f3/src/main/java/org/investpro/ai/OpenAiPositionManagerService.java:[69,35] cannot find symbol
[ERROR]   symbol:   variable PositionManagementPromptBuilder
[ERROR]   location: class org.investpro.ai.OpenAiPositionManagerService
[ERROR] /C:/Users/nguem/OneDrive/Desktop/investpro-1c434abd35b2c6ad7a85c5f8a200396ba14646f3/investpro-1c434abd35b2c6ad7a85c5f8a200396ba14646f3/src/main/java/org/investpro/ai/OpenAiPositionManagerService.java:[70,33] cannot find symbol
[ERROR]   symbol:   variable PositionManagementPromptBuilder
[ERROR]   location: class org.investpro.ai.OpenAiPositionManagerService
[ERROR] /C:/Users/nguem/OneDrive/Desktop/investpro-1c434abd35b2c6ad7a85c5f8a200396ba14646f3/investpro-1c434abd35b2c6ad7a85c5f8a200396ba14646f3/src/main/java/org/investpro/ai/OpenAiPositionManagerService.java:[85,19] cannot find symbol
[ERROR]   symbol:   method severe(java.lang.String)
[ERROR]   location: variable logger of type org.slf4j.Logger
[ERROR] /C:/Users/nguem/OneDrive/Desktop/investpro-1c434abd35b2c6ad7a85c5f8a200396ba14646f3/investpro-1c434abd35b2c6ad7a85c5f8a200396ba14646f3/src/main/java/org/investpro/ai/OpenAiPositionManagerService.java:[136,23] cannot find symbol
[ERROR]   symbol:   method warning(java.lang.String)
[ERROR]   location: variable logger of type org.slf4j.Logger
[ERROR] /C:/Users/nguem/OneDrive/Desktop/investpro-1c434abd35b2c6ad7a85c5f8a200396ba14646f3/investpro-1c434abd35b2c6ad7a85c5f8a200396ba14646f3/src/main/java/org/investpro/ai/OpenAiPositionManagerService.java:[146,23] cannot find symbol
[ERROR]   symbol:   method warning(java.lang.String)
[ERROR]   location: variable logger of type org.slf4j.Logger
[ERROR] /C:/Users/nguem/OneDrive/Desktop/investpro-1c434abd35b2c6ad7a85c5f8a200396ba14646f3/investpro-1c434abd35b2c6ad7a85c5f8a200396ba14646f3/src/main/java/org/investpro/ai/OpenAiPositionManagerService.java:[159,19] cannot find symbol
[ERROR]   symbol:   method severe(java.lang.String)
[ERROR]   location: variable logger of type org.slf4j.Logger
[ERROR] /C:/Users/nguem/OneDrive/Desktop/investpro-1c434abd35b2c6ad7a85c5f8a200396ba14646f3/investpro-1c434abd35b2c6ad7a85c5f8a200396ba14646f3/src/main/java/org/investpro/ai/OpenAiPositionManagerService.java:[216,19] cannot find symbol
[ERROR]   symbol:   method warning(java.lang.String)
[ERROR]   location: variable logger of type org.slf4j.Logger
[ERROR] /C:/Users/nguem/OneDrive/Desktop/investpro-1c434abd35b2c6ad7a85c5f8a200396ba14646f3/investpro-1c434abd35b2c6ad7a85c5f8a200396ba14646f3/src/main/java/org/investpro/ai/OpenAiPositionManagerService.java:[245,19] cannot find symbol
[ERROR]   symbol:   method warning(java.lang.String)
[ERROR]   location: variable logger of type org.slf4j.Logger
[ERROR] /C:/Users/nguem/OneDrive/Desktop/investpro-1c434abd35b2c6ad7a85c5f8a200396ba14646f3/investpro-1c434abd35b2c6ad7a85c5f8a200396ba14646f3/src/main/java/org/investpro/ai/PositionActionFinalGate.java:[43,19] cannot find symbol
[ERROR]   symbol:   method warning(java.lang.String)
[ERROR]   location: variable logger of type org.slf4j.Logger
[ERROR] /C:/Users/nguem/OneDrive/Desktop/investpro-1c434abd35b2c6ad7a85c5f8a200396ba14646f3/investpro-1c434abd35b2c6ad7a85c5f8a200396ba14646f3/src/main/java/org/investpro/ai/PositionActionFinalGate.java:[53,13] cannot find symbol
[ERROR]   symbol:   variable riskDecision
[ERROR]   location: class org.investpro.ai.PositionActionFinalGate
[ERROR] /C:/Users/nguem/OneDrive/Desktop/investpro-1c434abd35b2c6ad7a85c5f8a200396ba14646f3/investpro-1c434abd35b2c6ad7a85c5f8a200396ba14646f3/src/main/java/org/investpro/ai/PositionActionFinalGate.java:[63,40] cannot find symbol
[ERROR]   symbol:   variable riskDecision
[ERROR]   location: class org.investpro.ai.PositionActionFinalGate
[ERROR] /C:/Users/nguem/OneDrive/Desktop/investpro-1c434abd35b2c6ad7a85c5f8a200396ba14646f3/investpro-1c434abd35b2c6ad7a85c5f8a200396ba14646f3/src/main/java/org/investpro/ai/PositionActionFinalGate.java:[81,18] cannot find symbol
[ERROR]   symbol:   variable riskDecision
[ERROR]   location: class org.investpro.ai.PositionActionFinalGate
[ERROR] /C:/Users/nguem/OneDrive/Desktop/investpro-1c434abd35b2c6ad7a85c5f8a200396ba14646f3/investpro-1c434abd35b2c6ad7a85c5f8a200396ba14646f3/src/main/java/org/investpro/ai/PositionActionFinalGate.java:[82,23] cannot find symbol
[ERROR]   symbol:   method warning(java.lang.String)
[ERROR]   location: variable logger of type org.slf4j.Logger
[ERROR] /C:/Users/nguem/OneDrive/Desktop/investpro-1c434abd35b2c6ad7a85c5f8a200396ba14646f3/investpro-1c434abd35b2c6ad7a85c5f8a200396ba14646f3/src/main/java/org/investpro/ai/PositionActionFinalGate.java:[85,21] cannot find symbol
[ERROR]   symbol:   variable riskDecision
[ERROR]   location: class org.investpro.ai.PositionActionFinalGate
[ERROR] /C:/Users/nguem/OneDrive/Desktop/investpro-1c434abd35b2c6ad7a85c5f8a200396ba14646f3/investpro-1c434abd35b2c6ad7a85c5f8a200396ba14646f3/src/main/java/org/investpro/ai/PositionActionFinalGate.java:[86,28] cannot find symbol
[ERROR]   symbol:   variable riskDecision
[ERROR]   location: class org.investpro.ai.PositionActionFinalGate
[ERROR] /C:/Users/nguem/OneDrive/Desktop/investpro-1c434abd35b2c6ad7a85c5f8a200396ba14646f3/investpro-1c434abd35b2c6ad7a85c5f8a200396ba14646f3/src/main/java/org/investpro/ai/PositionActionFinalGate.java:[90,54] cannot find symbol
[ERROR]   symbol:   variable riskDecision
[ERROR]   location: class org.investpro.ai.PositionActionFinalGate
[ERROR] /C:/Users/nguem/OneDrive/Desktop/investpro-1c434abd35b2c6ad7a85c5f8a200396ba14646f3/investpro-1c434abd35b2c6ad7a85c5f8a200396ba14646f3/src/main/java/org/investpro/ai/PositionActionFinalGate.java:[137,23] cannot find symbol
[ERROR]   symbol:   method warning(java.lang.String)
[ERROR]   location: variable logger of type org.slf4j.Logger
[ERROR] /C:/Users/nguem/OneDrive/Desktop/investpro-1c434abd35b2c6ad7a85c5f8a200396ba14646f3/investpro-1c434abd35b2c6ad7a85c5f8a200396ba14646f3/src/main/java/org/investpro/ai/PositionActionFinalGate.java:[146,23] cannot find symbol
[ERROR]   symbol:   method warning(java.lang.String)
[ERROR]   location: variable logger of type org.slf4j.Logger
[ERROR] /C:/Users/nguem/OneDrive/Desktop/investpro-1c434abd35b2c6ad7a85c5f8a200396ba14646f3/investpro-1c434abd35b2c6ad7a85c5f8a200396ba14646f3/src/main/java/org/investpro/ai/PositionActionFinalGate.java:[166,23] cannot find symbol
[ERROR]   symbol:   method warning(java.lang.String)
[ERROR]   location: variable logger of type org.slf4j.Logger
[ERROR] /C:/Users/nguem/OneDrive/Desktop/investpro-1c434abd35b2c6ad7a85c5f8a200396ba14646f3/investpro-1c434abd35b2c6ad7a85c5f8a200396ba14646f3/src/main/java/org/investpro/ai/PositionActionFinalGate.java:[203,23] cannot find symbol
[ERROR]   symbol:   method warning(java.lang.String)
[ERROR]   location: variable logger of type org.slf4j.Logger
[ERROR] /C:/Users/nguem/OneDrive/Desktop/investpro-1c434abd35b2c6ad7a85c5f8a200396ba14646f3/investpro-1c434abd35b2c6ad7a85c5f8a200396ba14646f3/src/main/java/org/investpro/ai/PositionActionFinalGate.java:[223,23] cannot find symbol
[ERROR]   symbol:   method warning(java.lang.String)
[ERROR]   location: variable logger of type org.slf4j.Logger
[ERROR] /C:/Users/nguem/OneDrive/Desktop/investpro-1c434abd35b2c6ad7a85c5f8a200396ba14646f3/investpro-1c434abd35b2c6ad7a85c5f8a200396ba14646f3/src/main/java/org/investpro/ai/PositionActionFinalGate.java:[251,15] cannot find symbol
[ERROR]   symbol:   method warning(java.lang.String)
[ERROR]   location: variable logger of type org.slf4j.Logger
[ERROR] /C:/Users/nguem/OneDrive/Desktop/investpro-1c434abd35b2c6ad7a85c5f8a200396ba14646f3/investpro-1c434abd35b2c6ad7a85c5f8a200396ba14646f3/src/main/java/org/investpro/exchange/Coinbase.java:[105,13] cannot find symbol
[ERROR]   symbol:   variable logger
[ERROR]   location: class org.investpro.exchange.Coinbase
[ERROR] /C:/Users/nguem/OneDrive/Desktop/investpro-1c434abd35b2c6ad7a85c5f8a200396ba14646f3/investpro-1c434abd35b2c6ad7a85c5f8a200396ba14646f3/src/main/java/org/investpro/exchange/Coinbase.java:[112,17] cannot find symbol
[ERROR]   symbol:   variable logger
[ERROR]   location: class org.investpro.exchange.Coinbase
[ERROR] /C:/Users/nguem/OneDrive/Desktop/investpro-1c434abd35b2c6ad7a85c5f8a200396ba14646f3/investpro-1c434abd35b2c6ad7a85c5f8a200396ba14646f3/src/main/java/org/investpro/exchange/Coinbase.java:[114,17] cannot find symbol
[ERROR]   symbol:   variable logger
[ERROR]   location: class org.investpro.exchange.Coinbase
[ERROR] /C:/Users/nguem/OneDrive/Desktop/investpro-1c434abd35b2c6ad7a85c5f8a200396ba14646f3/investpro-1c434abd35b2c6ad7a85c5f8a200396ba14646f3/src/main/java/org/investpro/exchange/Coinbase.java:[138,13] cannot find symbol
[ERROR]   symbol:   variable logger
[ERROR]   location: class org.investpro.exchange.Coinbase
[ERROR] /C:/Users/nguem/OneDrive/Desktop/investpro-1c434abd35b2c6ad7a85c5f8a200396ba14646f3/investpro-1c434abd35b2c6ad7a85c5f8a200396ba14646f3/src/main/java/org/investpro/exchange/Coinbase.java:[143,9] cannot find symbol
[ERROR]   symbol:   variable logger
[ERROR]   location: class org.investpro.exchange.Coinbase
[ERROR] /C:/Users/nguem/OneDrive/Desktop/investpro-1c434abd35b2c6ad7a85c5f8a200396ba14646f3/investpro-1c434abd35b2c6ad7a85c5f8a200396ba14646f3/src/main/java/org/investpro/exchange/Coinbase.java:[217,13] cannot find symbol
[ERROR]   symbol:   variable logger
[ERROR]   location: class org.investpro.exchange.Coinbase
[ERROR] /C:/Users/nguem/OneDrive/Desktop/investpro-1c434abd35b2c6ad7a85c5f8a200396ba14646f3/investpro-1c434abd35b2c6ad7a85c5f8a200396ba14646f3/src/main/java/org/investpro/exchange/Coinbase.java:[221,17] cannot find symbol
[ERROR]   symbol:   variable logger
[ERROR]   location: class org.investpro.exchange.Coinbase
[ERROR] /C:/Users/nguem/OneDrive/Desktop/investpro-1c434abd35b2c6ad7a85c5f8a200396ba14646f3/investpro-1c434abd35b2c6ad7a85c5f8a200396ba14646f3/src/main/java/org/investpro/exchange/Coinbase.java:[226,21] cannot find symbol
[ERROR]   symbol:   variable logger
[ERROR]   location: class org.investpro.exchange.Coinbase
[ERROR] /C:/Users/nguem/OneDrive/Desktop/investpro-1c434abd35b2c6ad7a85c5f8a200396ba14646f3/investpro-1c434abd35b2c6ad7a85c5f8a200396ba14646f3/src/main/java/org/investpro/exchange/Coinbase.java:[229,17] cannot find symbol
[ERROR]   symbol:   variable logger
[ERROR]   location: class org.investpro.exchange.Coinbase
[ERROR] /C:/Users/nguem/OneDrive/Desktop/investpro-1c434abd35b2c6ad7a85c5f8a200396ba14646f3/investpro-1c434abd35b2c6ad7a85c5f8a200396ba14646f3/src/main/java/org/investpro/exchange/Coinbase.java:[233,13] cannot find symbol
[ERROR]   symbol:   variable logger
[ERROR]   location: class org.investpro.exchange.Coinbase
[ERROR] /C:/Users/nguem/OneDrive/Desktop/investpro-1c434abd35b2c6ad7a85c5f8a200396ba14646f3/investpro-1c434abd35b2c6ad7a85c5f8a200396ba14646f3/src/main/java/org/investpro/exchange/Coinbase.java:[236,13] cannot find symbol
[ERROR]   symbol:   variable logger
[ERROR]   location: class org.investpro.exchange.Coinbase
[ERROR] /C:/Users/nguem/OneDrive/Desktop/investpro-1c434abd35b2c6ad7a85c5f8a200396ba14646f3/investpro-1c434abd35b2c6ad7a85c5f8a200396ba14646f3/src/main/java/org/investpro/exchange/Coinbase.java:[251,13] cannot find symbol
[ERROR]   symbol:   variable logger
[ERROR]   location: class org.investpro.exchange.Coinbase
[ERROR] /C:/Users/nguem/OneDrive/Desktop/investpro-1c434abd35b2c6ad7a85c5f8a200396ba14646f3/investpro-1c434abd35b2c6ad7a85c5f8a200396ba14646f3/src/main/java/org/investpro/exchange/Coinbase.java:[369,13] cannot find symbol
[ERROR]   symbol:   variable logger
[ERROR]   location: class org.investpro.exchange.Coinbase
[ERROR] /C:/Users/nguem/OneDrive/Desktop/investpro-1c434abd35b2c6ad7a85c5f8a200396ba14646f3/investpro-1c434abd35b2c6ad7a85c5f8a200396ba14646f3/src/main/java/org/investpro/exchange/Coinbase.java:[378,13] cannot find symbol
[ERROR]   symbol:   variable logger
[ERROR]   location: class org.investpro.exchange.Coinbase
[ERROR] /C:/Users/nguem/OneDrive/Desktop/investpro-1c434abd35b2c6ad7a85c5f8a200396ba14646f3/investpro-1c434abd35b2c6ad7a85c5f8a200396ba14646f3/src/main/java/org/investpro/exchange/Coinbase.java:[384,9] cannot find symbol
[ERROR]   symbol:   variable logger
[ERROR]   location: class org.investpro.exchange.Coinbase
[ERROR] /C:/Users/nguem/OneDrive/Desktop/investpro-1c434abd35b2c6ad7a85c5f8a200396ba14646f3/investpro-1c434abd35b2c6ad7a85c5f8a200396ba14646f3/src/main/java/org/investpro/exchange/Coinbase.java:[437,17] cannot find symbol
[ERROR]   symbol:   variable logger
[ERROR]   location: class org.investpro.exchange.Coinbase
[ERROR] /C:/Users/nguem/OneDrive/Desktop/investpro-1c434abd35b2c6ad7a85c5f8a200396ba14646f3/investpro-1c434abd35b2c6ad7a85c5f8a200396ba14646f3/src/main/java/org/investpro/exchange/Coinbase.java:[629,13] cannot find symbol
[ERROR]   symbol:   variable logger
[ERROR]   location: class org.investpro.exchange.Coinbase
[ERROR] /C:/Users/nguem/OneDrive/Desktop/investpro-1c434abd35b2c6ad7a85c5f8a200396ba14646f3/investpro-1c434abd35b2c6ad7a85c5f8a200396ba14646f3/src/main/java/org/investpro/exchange/Coinbase.java:[636,13] cannot find symbol
[ERROR]   symbol:   variable logger
[ERROR]   location: class org.investpro.exchange.Coinbase
[ERROR] /C:/Users/nguem/OneDrive/Desktop/investpro-1c434abd35b2c6ad7a85c5f8a200396ba14646f3/investpro-1c434abd35b2c6ad7a85c5f8a200396ba14646f3/src/main/java/org/investpro/exchange/Coinbase.java:[704,13] cannot find symbol
[ERROR]   symbol:   variable logger
[ERROR]   location: class org.investpro.exchange.Coinbase
[ERROR] /C:/Users/nguem/OneDrive/Desktop/investpro-1c434abd35b2c6ad7a85c5f8a200396ba14646f3/investpro-1c434abd35b2c6ad7a85c5f8a200396ba14646f3/src/main/java/org/investpro/exchange/Coinbase.java:[1412,39] cannot find symbol
[ERROR]   symbol:   variable logger
[ERROR]   location: class org.investpro.exchange.Coinbase
[ERROR] /C:/Users/nguem/OneDrive/Desktop/investpro-1c434abd35b2c6ad7a85c5f8a200396ba14646f3/investpro-1c434abd35b2c6ad7a85c5f8a200396ba14646f3/src/main/java/org/investpro/exchange/Coinbase.java:[1414,21] cannot find symbol
[ERROR]   symbol:   variable logger
[ERROR]   location: class org.investpro.exchange.Coinbase
[ERROR] /C:/Users/nguem/OneDrive/Desktop/investpro-1c434abd35b2c6ad7a85c5f8a200396ba14646f3/investpro-1c434abd35b2c6ad7a85c5f8a200396ba14646f3/src/main/java/org/investpro/exchange/Coinbase.java:[1438,25] cannot find symbol
[ERROR]   symbol:   variable logger
[ERROR]   location: class org.investpro.exchange.Coinbase
[ERROR] /C:/Users/nguem/OneDrive/Desktop/investpro-1c434abd35b2c6ad7a85c5f8a200396ba14646f3/investpro-1c434abd35b2c6ad7a85c5f8a200396ba14646f3/src/main/java/org/investpro/exchange/Coinbase.java:[1542,29] cannot find symbol
[ERROR]   symbol:   variable logger
[ERROR]   location: class org.investpro.exchange.Coinbase
[ERROR] /C:/Users/nguem/OneDrive/Desktop/investpro-1c434abd35b2c6ad7a85c5f8a200396ba14646f3/investpro-1c434abd35b2c6ad7a85c5f8a200396ba14646f3/src/main/java/org/investpro/exchange/Coinbase.java:[1675,40] cannot find symbol
[ERROR]   symbol:   variable logger
[ERROR]   location: class org.investpro.exchange.Coinbase
[ERROR] /C:/Users/nguem/OneDrive/Desktop/investpro-1c434abd35b2c6ad7a85c5f8a200396ba14646f3/investpro-1c434abd35b2c6ad7a85c5f8a200396ba14646f3/src/main/java/org/investpro/exchange/Coinbase.java:[1677,21] cannot find symbol
[ERROR]   symbol:   variable logger
[ERROR]   location: class org.investpro.exchange.Coinbase
[ERROR] /C:/Users/nguem/OneDrive/Desktop/investpro-1c434abd35b2c6ad7a85c5f8a200396ba14646f3/investpro-1c434abd35b2c6ad7a85c5f8a200396ba14646f3/src/main/java/org/investpro/exchange/Coinbase.java:[1692,40] cannot find symbol
[ERROR]   symbol:   variable logger
[ERROR]   location: class org.investpro.exchange.Coinbase
[ERROR] /C:/Users/nguem/OneDrive/Desktop/investpro-1c434abd35b2c6ad7a85c5f8a200396ba14646f3/investpro-1c434abd35b2c6ad7a85c5f8a200396ba14646f3/src/main/java/org/investpro/exchange/Coinbase.java:[1694,21] cannot find symbol
[ERROR]   symbol:   variable logger
[ERROR]   location: class org.investpro.exchange.Coinbase
[ERROR] /C:/Users/nguem/OneDrive/Desktop/investpro-1c434abd35b2c6ad7a85c5f8a200396ba14646f3/investpro-1c434abd35b2c6ad7a85c5f8a200396ba14646f3/src/main/java/org/investpro/exchange/Coinbase.java:[1704,13] cannot find symbol
[ERROR]   symbol:   variable logger
[ERROR]   location: class org.investpro.exchange.Coinbase
[ERROR] /C:/Users/nguem/OneDrive/Desktop/investpro-1c434abd35b2c6ad7a85c5f8a200396ba14646f3/investpro-1c434abd35b2c6ad7a85c5f8a200396ba14646f3/src/main/java/org/investpro/exchange/Coinbase.java:[1709,17] cannot find symbol
[ERROR]   symbol:   variable logger
[ERROR]   location: class org.investpro.exchange.Coinbase
[ERROR] /C:/Users/nguem/OneDrive/Desktop/investpro-1c434abd35b2c6ad7a85c5f8a200396ba14646f3/investpro-1c434abd35b2c6ad7a85c5f8a200396ba14646f3/src/main/java/org/investpro/exchange/Coinbase.java:[1715,13] cannot find symbol
[ERROR]   symbol:   variable logger
[ERROR]   location: class org.investpro.exchange.Coinbase
[ERROR] /C:/Users/nguem/OneDrive/Desktop/investpro-1c434abd35b2c6ad7a85c5f8a200396ba14646f3/investpro-1c434abd35b2c6ad7a85c5f8a200396ba14646f3/src/main/java/org/investpro/exchange/Coinbase.java:[1726,13] cannot find symbol
[ERROR]   symbol:   variable logger
[ERROR]   location: class org.investpro.exchange.Coinbase
[ERROR] /C:/Users/nguem/OneDrive/Desktop/investpro-1c434abd35b2c6ad7a85c5f8a200396ba14646f3/investpro-1c434abd35b2c6ad7a85c5f8a200396ba14646f3/src/main/java/org/investpro/exchange/Coinbase.java:[1847,33] cannot find symbol
[ERROR]   symbol:   variable logger
[ERROR]   location: class org.investpro.exchange.Coinbase
[ERROR] /C:/Users/nguem/OneDrive/Desktop/investpro-1c434abd35b2c6ad7a85c5f8a200396ba14646f3/investpro-1c434abd35b2c6ad7a85c5f8a200396ba14646f3/src/main/java/org/investpro/exchange/Coinbase.java:[2118,13] cannot find symbol
[ERROR]   symbol:   variable logger
[ERROR]   location: class org.investpro.exchange.Coinbase
[ERROR] /C:/Users/nguem/OneDrive/Desktop/investpro-1c434abd35b2c6ad7a85c5f8a200396ba14646f3/investpro-1c434abd35b2c6ad7a85c5f8a200396ba14646f3/src/main/java/org/investpro/exchange/Coinbase.java:[2184,9] cannot find symbol
[ERROR]   symbol:   variable logger
[ERROR]   location: class org.investpro.exchange.Coinbase
[ERROR] /C:/Users/nguem/OneDrive/Desktop/investpro-1c434abd35b2c6ad7a85c5f8a200396ba14646f3/investpro-1c434abd35b2c6ad7a85c5f8a200396ba14646f3/src/main/java/org/investpro/exchange/Coinbase.java:[2231,9] cannot find symbol
[ERROR]   symbol:   variable logger
[ERROR]   location: class org.investpro.exchange.Coinbase
[ERROR] /C:/Users/nguem/OneDrive/Desktop/investpro-1c434abd35b2c6ad7a85c5f8a200396ba14646f3/investpro-1c434abd35b2c6ad7a85c5f8a200396ba14646f3/src/main/java/org/investpro/exchange/Coinbase.java:[2313,17] cannot find symbol
[ERROR]   symbol:   variable logger
[ERROR]   location: class org.investpro.exchange.Coinbase
[ERROR] /C:/Users/nguem/OneDrive/Desktop/investpro-1c434abd35b2c6ad7a85c5f8a200396ba14646f3/investpro-1c434abd35b2c6ad7a85c5f8a200396ba14646f3/src/main/java/org/investpro/exchange/Coinbase.java:[2319,17] cannot find symbol
[ERROR]   symbol:   variable logger
[ERROR]   location: class org.investpro.exchange.Coinbase
[ERROR] /C:/Users/nguem/OneDrive/Desktop/investpro-1c434abd35b2c6ad7a85c5f8a200396ba14646f3/investpro-1c434abd35b2c6ad7a85c5f8a200396ba14646f3/src/main/java/org/investpro/exchange/Coinbase.java:[2386,13] cannot find symbol
[ERROR]   symbol:   variable logger
[ERROR]   location: class org.investpro.exchange.Coinbase
[ERROR] /C:/Users/nguem/OneDrive/Desktop/investpro-1c434abd35b2c6ad7a85c5f8a200396ba14646f3/investpro-1c434abd35b2c6ad7a85c5f8a200396ba14646f3/src/main/java/org/investpro/exchange/Coinbase.java:[2408,13] cannot find symbol
[ERROR]   symbol:   variable logger
[ERROR]   location: class org.investpro.exchange.Coinbase
[ERROR] /C:/Users/nguem/OneDrive/Desktop/investpro-1c434abd35b2c6ad7a85c5f8a200396ba14646f3/investpro-1c434abd35b2c6ad7a85c5f8a200396ba14646f3/src/main/java/org/investpro/exchange/Coinbase.java:[2431,13] cannot find symbol
[ERROR]   symbol:   variable logger
[ERROR]   location: class org.investpro.exchange.Coinbase
[ERROR] /C:/Users/nguem/OneDrive/Desktop/investpro-1c434abd35b2c6ad7a85c5f8a200396ba14646f3/investpro-1c434abd35b2c6ad7a85c5f8a200396ba14646f3/src/main/java/org/investpro/exchange/Coinbase.java:[2492,13] cannot find symbol
[ERROR]   symbol:   variable logger
[ERROR]   location: class org.investpro.exchange.Coinbase
[ERROR] /C:/Users/nguem/OneDrive/Desktop/investpro-1c434abd35b2c6ad7a85c5f8a200396ba14646f3/investpro-1c434abd35b2c6ad7a85c5f8a200396ba14646f3/src/main/java/org/investpro/exchange/Coinbase.java:[2503,13] cannot find symbol
[ERROR]   symbol:   variable logger
[ERROR]   location: class org.investpro.exchange.Coinbase
[ERROR] /C:/Users/nguem/OneDrive/Desktop/investpro-1c434abd35b2c6ad7a85c5f8a200396ba14646f3/investpro-1c434abd35b2c6ad7a85c5f8a200396ba14646f3/src/main/java/org/investpro/exchange/Coinbase.java:[2534,13] cannot find symbol
[ERROR]   symbol:   variable logger
[ERROR]   location: class org.investpro.exchange.Coinbase
[ERROR] /C:/Users/nguem/OneDrive/Desktop/investpro-1c434abd35b2c6ad7a85c5f8a200396ba14646f3/investpro-1c434abd35b2c6ad7a85c5f8a200396ba14646f3/src/main/java/org/investpro/exchange/Coinbase.java:[2557,13] cannot find symbol
[ERROR]   symbol:   variable logger
[ERROR]   location: class org.investpro.exchange.Coinbase
[ERROR] /C:/Users/nguem/OneDrive/Desktop/investpro-1c434abd35b2c6ad7a85c5f8a200396ba14646f3/investpro-1c434abd35b2c6ad7a85c5f8a200396ba14646f3/src/main/java/org/investpro/exchange/Coinbase.java:[2584,13] cannot find symbol
[ERROR]   symbol:   variable logger
[ERROR]   location: class org.investpro.exchange.Coinbase
[ERROR] /C:/Users/nguem/OneDrive/Desktop/investpro-1c434abd35b2c6ad7a85c5f8a200396ba14646f3/investpro-1c434abd35b2c6ad7a85c5f8a200396ba14646f3/src/main/java/org/investpro/exchange/Coinbase.java:[2612,13] cannot find symbol
[ERROR]   symbol:   variable logger
[ERROR]   location: class org.investpro.exchange.Coinbase
[ERROR] /C:/Users/nguem/OneDrive/Desktop/investpro-1c434abd35b2c6ad7a85c5f8a200396ba14646f3/investpro-1c434abd35b2c6ad7a85c5f8a200396ba14646f3/src/main/java/org/investpro/exchange/Coinbase.java:[2650,13] cannot find symbol
[ERROR]   symbol:   variable logger
[ERROR]   location: class org.investpro.exchange.Coinbase
[ERROR] /C:/Users/nguem/OneDrive/Desktop/investpro-1c434abd35b2c6ad7a85c5f8a200396ba14646f3/investpro-1c434abd35b2c6ad7a85c5f8a200396ba14646f3/src/main/java/org/investpro/exchange/Coinbase.java:[2682,13] cannot find symbol
[ERROR]   symbol:   variable logger
[ERROR]   location: class org.investpro.exchange.Coinbase
[ERROR] /C:/Users/nguem/OneDrive/Desktop/investpro-1c434abd35b2c6ad7a85c5f8a200396ba14646f3/investpro-1c434abd35b2c6ad7a85c5f8a200396ba14646f3/src/main/java/org/investpro/exchange/CoinbaseCredentialProvider.java:[197,19] cannot find symbol
[ERROR]   symbol:   method warning(java.lang.String)
[ERROR]   location: variable logger of type org.slf4j.Logger
[ERROR] -> [Help 1]
[ERROR] 
[ERROR] To see the full stack trace of the errors, re-run Maven with the -e switch.
[ERROR] Re-run Maven using the -X switch to enable full debug logging.
[ERROR] 
[ERROR] For more information about the errors and possible solutions, please read the following articles:
[ERROR] [Help 1] http://cwiki.apache.org/confluence/display/MAVEN/MojoFailureException
