[INFO] Scanning for projects...
[INFO] 
[INFO] ----------------------< org.investpro:investpro >-----------------------
[INFO] Building InvestPro 1.0.0-SNAPSHOT
[INFO] --------------------------------[ jar ]---------------------------------
[INFO] 
[INFO] --- maven-resources-plugin:2.6:resources (default-resources) @ investpro ---
[INFO] Using 'UTF-8' encoding to copy filtered resources.
[INFO] Copying 194 resources
[INFO] 
[INFO] --- maven-compiler-plugin:3.13.0:compile (default-compile) @ investpro ---
[INFO] Nothing to compile - all classes are up to date.
[INFO] ------------------------------------------------------------------------
[INFO] BUILD SUCCESS
[INFO] ------------------------------------------------------------------------
[INFO] Total time:  3.806 s
[INFO] Finished at: 2026-05-10T17:22:34-04:00
[INFO] ------------------------------------------------------------------------
