C:\Users\11\OneDrive\Documents\GitHub\investpro\src\test\java\org\investpro\agent\MarketDataRouterTest.java
C:\Users\11\OneDrive\Documents\GitHub\investpro\src\test\java\org\investpro\agent\symbol\DefaultSymbolAgentTest.java
C:\Users\11\OneDrive\Documents\GitHub\investpro\src\test\java\org\investpro\agent\TradingAgentManagerTest.java
C:\Users\11\OneDrive\Documents\GitHub\investpro\src\test\java\org\investpro\ai\AiModelCatalogTest.java
C:\Users\11\OneDrive\Documents\GitHub\investpro\src\test\java\org\investpro\ai\AiTradeReviewSignalContextTest.java
C:\Users\11\OneDrive\Documents\GitHub\investpro\src\test\java\org\investpro\ai\AssistantActionsTest.java
C:\Users\11\OneDrive\Documents\GitHub\investpro\src\test\java\org\investpro\ai\AssistantRuntimeTest.java
C:\Users\11\OneDrive\Documents\GitHub\investpro\src\test\java\org\investpro\ai\AssistantScreenshotTest.java
C:\Users\11\OneDrive\Documents\GitHub\investpro\src\test\java\org\investpro\ai\AssistantVoicePlaybackTest.java
C:\Users\11\OneDrive\Documents\GitHub\investpro\src\test\java\org\investpro\ai\InvestorAssistantServiceTest.java
C:\Users\11\OneDrive\Documents\GitHub\investpro\src\test\java\org\investpro\ai\local\grpc\AiCircuitBreakerTest.java
C:\Users\11\OneDrive\Documents\GitHub\investpro\src\test\java\org\investpro\ai\local\grpc\LocalAiRuntimeServiceTest.java
C:\Users\11\OneDrive\Documents\GitHub\investpro\src\test\java\org\investpro\ai\strategy\SafeAiStrategyGeneratorTest.java
C:\Users\11\OneDrive\Documents\GitHub\investpro\src\test\java\org\investpro\asset\AssetCatalogDerivativeTest.java
C:\Users\11\OneDrive\Documents\GitHub\investpro\src\test\java\org\investpro\asset\AssetCatalogMergeServiceTest.java
C:\Users\11\OneDrive\Documents\GitHub\investpro\src\test\java\org\investpro\asset\AssetCatalogServiceTest.java
C:\Users\11\OneDrive\Documents\GitHub\investpro\src\test\java\org\investpro\asset\AssetRefreshSchedulerTest.java
C:\Users\11\OneDrive\Documents\GitHub\investpro\src\test\java\org\investpro\asset\InMemoryLocalAssetRepository.java
C:\Users\11\OneDrive\Documents\GitHub\investpro\src\test\java\org\investpro\asset\TradabilityServiceTest.java
C:\Users\11\OneDrive\Documents\GitHub\investpro\src\test\java\org\investpro\backtesting\SimulatorTest.java
C:\Users\11\OneDrive\Documents\GitHub\investpro\src\test\java\org\investpro\config\ProductionStartupValidatorTest.java
C:\Users\11\OneDrive\Documents\GitHub\investpro\src\test\java\org\investpro\core\agents\execution\ProtectedSubmissionTest.java
C:\Users\11\OneDrive\Documents\GitHub\investpro\src\test\java\org\investpro\core\agents\execution\TradeExecutionCoordinatorTest.java
C:\Users\11\OneDrive\Documents\GitHub\investpro\src\test\java\org\investpro\core\agents\risk\RiskAgentTest.java
C:\Users\11\OneDrive\Documents\GitHub\investpro\src\test\java\org\investpro\core\agents\symbol\SymbolAgentLifecycleTest.java
C:\Users\11\OneDrive\Documents\GitHub\investpro\src\test\java\org\investpro\core\agents\symbol\SymbolAgentManagerTest.java
C:\Users\11\OneDrive\Documents\GitHub\investpro\src\test\java\org\investpro\core\agents\symbol\SymbolAgentStateTest.java
C:\Users\11\OneDrive\Documents\GitHub\investpro\src\test\java\org\investpro\core\execution\BotOrderJournalTest.java
C:\Users\11\OneDrive\Documents\GitHub\investpro\src\test\java\org\investpro\core\pipeline\BotRiskContextServiceTest.java
C:\Users\11\OneDrive\Documents\GitHub\investpro\src\test\java\org\investpro\core\SymbolAgentUpdaterTest.java
C:\Users\11\OneDrive\Documents\GitHub\investpro\src\test\java\org\investpro\core\TelegramRemoteDeskTest.java
C:\Users\11\OneDrive\Documents\GitHub\investpro\src\test\java\org\investpro\core\TelegramScreenshotTest.java
C:\Users\11\OneDrive\Documents\GitHub\investpro\src\test\java\org\investpro\decision\BotTradeDecisionEnginePipelineTest.java
C:\Users\11\OneDrive\Documents\GitHub\investpro\src\test\java\org\investpro\exchange\binanceus\BinanceUsAccountStateTest.java
C:\Users\11\OneDrive\Documents\GitHub\investpro\src\test\java\org\investpro\exchange\binanceus\BinanceUsCooldownTest.java
C:\Users\11\OneDrive\Documents\GitHub\investpro\src\test\java\org\investpro\exchange\binanceus\BinanceUsSharedStateTest.java
C:\Users\11\OneDrive\Documents\GitHub\investpro\src\test\java\org\investpro\exchange\blockchain\execution\BlockchainExecutionServiceTest.java
C:\Users\11\OneDrive\Documents\GitHub\investpro\src\test\java\org\investpro\exchange\cache\CacheLayerTest.java
C:\Users\11\OneDrive\Documents\GitHub\investpro\src\test\java\org\investpro\exchange\coinbase\CoinbaseApiCredentialsTest.java
C:\Users\11\OneDrive\Documents\GitHub\investpro\src\test\java\org\investpro\exchange\coinbase\CoinbaseCredentialInputTest.java
C:\Users\11\OneDrive\Documents\GitHub\investpro\src\test\java\org\investpro\exchange\coinbase\CoinbaseInstrumentClassifierTest.java
C:\Users\11\OneDrive\Documents\GitHub\investpro\src\test\java\org\investpro\exchange\coinbase\CoinbaseMarketInstrumentMapperTest.java
C:\Users\11\OneDrive\Documents\GitHub\investpro\src\test\java\org\investpro\exchange\coinbase\CoinbaseProductSymbolParserTest.java
C:\Users\11\OneDrive\Documents\GitHub\investpro\src\test\java\org\investpro\exchange\coinbase\CoinbaseRestDiscoveryTest.java
C:\Users\11\OneDrive\Documents\GitHub\investpro\src\test\java\org\investpro\exchange\CoinbaseAdapterContractTest.java
C:\Users\11\OneDrive\Documents\GitHub\investpro\src\test\java\org\investpro\exchange\CoinbaseOrderPayloadTest.java
C:\Users\11\OneDrive\Documents\GitHub\investpro\src\test\java\org\investpro\exchange\CoinbaseProtectedEntryTest.java
C:\Users\11\OneDrive\Documents\GitHub\investpro\src\test\java\org\investpro\exchange\coordination\CircuitBreakerCoordinatorTest.java
C:\Users\11\OneDrive\Documents\GitHub\investpro\src\test\java\org\investpro\exchange\credentials\ExchangeCredentialResolverTest.java
C:\Users\11\OneDrive\Documents\GitHub\investpro\src\test\java\org\investpro\exchange\DeskExecutionRoutingTest.java
C:\Users\11\OneDrive\Documents\GitHub\investpro\src\test\java\org\investpro\exchange\diagnostics\ExchangeDiagnosticsServiceTest.java
C:\Users\11\OneDrive\Documents\GitHub\investpro\src\test\java\org\investpro\exchange\ExchangeExecutionRoutingTest.java
C:\Users\11\OneDrive\Documents\GitHub\investpro\src\test\java\org\investpro\exchange\ibkr\IbkrAuthModeTest.java
C:\Users\11\OneDrive\Documents\GitHub\investpro\src\test\java\org\investpro\exchange\ibkr\IbkrGatewayCredentialsTest.java
C:\Users\11\OneDrive\Documents\GitHub\investpro\src\test\java\org\investpro\exchange\ibkr\IbkrIntegrationTest.java
C:\Users\11\OneDrive\Documents\GitHub\investpro\src\test\java\org\investpro\exchange\ibkr\IbkrLocalOnlyPaperTest.java
C:\Users\11\OneDrive\Documents\GitHub\investpro\src\test\java\org\investpro\exchange\ibkr\IbkrProtocolRoutingTest.java
C:\Users\11\OneDrive\Documents\GitHub\investpro\src\test\java\org\investpro\exchange\ibkr\IbkrTwsSessionTest.java
C:\Users\11\OneDrive\Documents\GitHub\investpro\src\test\java\org\investpro\exchange\ibkr\IbkrUnifiedConnectionTest.java
C:\Users\11\OneDrive\Documents\GitHub\investpro\src\test\java\org\investpro\exchange\ibkr\StubIbkrTwsSession.java
C:\Users\11\OneDrive\Documents\GitHub\investpro\src\test\java\org\investpro\exchange\infrastructure\PollingExchangeStreamerTest.java
C:\Users\11\OneDrive\Documents\GitHub\investpro\src\test\java\org\investpro\exchange\LocalOnlyPaperTradingTest.java
C:\Users\11\OneDrive\Documents\GitHub\investpro\src\test\java\org\investpro\exchange\LocalPaperExecutionTest.java
C:\Users\11\OneDrive\Documents\GitHub\investpro\src\test\java\org\investpro\exchange\migration_bridge\ExchangeAdapterMigrationBridgeTest.java
C:\Users\11\OneDrive\Documents\GitHub\investpro\src\test\java\org\investpro\exchange\normalization\NormalizationLayerTest.java
C:\Users\11\OneDrive\Documents\GitHub\investpro\src\test\java\org\investpro\exchange\OandaAdapterContractTest.java
C:\Users\11\OneDrive\Documents\GitHub\investpro\src\test\java\org\investpro\exchange\OandaMutationRetryTest.java
C:\Users\11\OneDrive\Documents\GitHub\investpro\src\test\java\org\investpro\exchange\routing\SmartExecutionRouterTest.java
C:\Users\11\OneDrive\Documents\GitHub\investpro\src\test\java\org\investpro\exchange\runtime\ExchangeRuntimeManagerTest.java
C:\Users\11\OneDrive\Documents\GitHub\investpro\src\test\java\org\investpro\exchange\services\ExchangeServiceTest.java
C:\Users\11\OneDrive\Documents\GitHub\investpro\src\test\java\org\investpro\exchange\SolonaNetworkTest.java
C:\Users\11\OneDrive\Documents\GitHub\investpro\src\test\java\org\investpro\exchange\StellarNetworkTest.java
C:\Users\11\OneDrive\Documents\GitHub\investpro\src\test\java\org\investpro\exchange\TrailingStopOrderSupportTest.java
C:\Users\11\OneDrive\Documents\GitHub\investpro\src\test\java\org\investpro\exchange\websocket\CoinbaseWebSocketClientTest.java
C:\Users\11\OneDrive\Documents\GitHub\investpro\src\test\java\org\investpro\execution\OrderIntentAndBrokerActivityTest.java
C:\Users\11\OneDrive\Documents\GitHub\investpro\src\test\java\org\investpro\execution\PositionTransitionPolicyTest.java
C:\Users\11\OneDrive\Documents\GitHub\investpro\src\test\java\org\investpro\execution\SymbolTradeLockManagerTest.java
C:\Users\11\OneDrive\Documents\GitHub\investpro\src\test\java\org\investpro\indicators\engine\IndicatorCalculatorRegistryTest.java
C:\Users\11\OneDrive\Documents\GitHub\investpro\src\test\java\org\investpro\indicators\metadata\IndicatorDefinitionRegistryTest.java
C:\Users\11\OneDrive\Documents\GitHub\investpro\src\test\java\org\investpro\licensing\LicenseManagerTest.java
C:\Users\11\OneDrive\Documents\GitHub\investpro\src\test\java\org\investpro\market\BisMarketStructureServiceTest.java
C:\Users\11\OneDrive\Documents\GitHub\investpro\src\test\java\org\investpro\market\InstrumentMetadataServiceTest.java
C:\Users\11\OneDrive\Documents\GitHub\investpro\src\test\java\org\investpro\market\InstrumentTradingSessionTest.java
C:\Users\11\OneDrive\Documents\GitHub\investpro\src\test\java\org\investpro\models\currency\CurrencyRegistryTest.java
C:\Users\11\OneDrive\Documents\GitHub\investpro\src\test\java\org\investpro\models\currency\DefaultMoneyFormatterTest.java
C:\Users\11\OneDrive\Documents\GitHub\investpro\src\test\java\org\investpro\monitoring\SystemEventRecorderTest.java
C:\Users\11\OneDrive\Documents\GitHub\investpro\src\test\java\org\investpro\news\NewsAggregatorServiceTest.java
C:\Users\11\OneDrive\Documents\GitHub\investpro\src\test\java\org\investpro\news\NewsIntelligenceServicesTest.java
C:\Users\11\OneDrive\Documents\GitHub\investpro\src\test\java\org\investpro\news\RssNewsProviderTest.java
C:\Users\11\OneDrive\Documents\GitHub\investpro\src\test\java\org\investpro\risk\SmallAccountSizingPolicyTest.java
C:\Users\11\OneDrive\Documents\GitHub\investpro\src\test\java\org\investpro\spi\PluginRegistryTest.java
C:\Users\11\OneDrive\Documents\GitHub\investpro\src\test\java\org\investpro\strategy\auto\AiStrategyCandidateGeneratorTest.java
C:\Users\11\OneDrive\Documents\GitHub\investpro\src\test\java\org\investpro\strategy\auto\AutoStrategySchedulerTest.java
C:\Users\11\OneDrive\Documents\GitHub\investpro\src\test\java\org\investpro\strategy\auto\FileStrategyMemoryRepositoryTest.java
C:\Users\11\OneDrive\Documents\GitHub\investpro\src\test\java\org\investpro\strategy\auto\RuleBasedStrategyCandidateGeneratorTest.java
C:\Users\11\OneDrive\Documents\GitHub\investpro\src\test\java\org\investpro\strategy\auto\StrategyAssignmentEngineTest.java
C:\Users\11\OneDrive\Documents\GitHub\investpro\src\test\java\org\investpro\strategy\auto\StrategyCandidateValidatorTest.java
C:\Users\11\OneDrive\Documents\GitHub\investpro\src\test\java\org\investpro\strategy\auto\StrategyMutationEngineTest.java
C:\Users\11\OneDrive\Documents\GitHub\investpro\src\test\java\org\investpro\strategy\auto\StrategyRankingEngineTest.java
C:\Users\11\OneDrive\Documents\GitHub\investpro\src\test\java\org\investpro\strategy\execution\ExecutionRouterTest.java
C:\Users\11\OneDrive\Documents\GitHub\investpro\src\test\java\org\investpro\strategy\lab\StrategyBacktestRunnerAccountingTest.java
C:\Users\11\OneDrive\Documents\GitHub\investpro\src\test\java\org\investpro\strategy\lab\StrategyBacktestRunnerRuleSignalTest.java
C:\Users\11\OneDrive\Documents\GitHub\investpro\src\test\java\org\investpro\strategy\lab\StrategyRankingEngineTest.java
C:\Users\11\OneDrive\Documents\GitHub\investpro\src\test\java\org\investpro\strategy\lab\StrategyVotingEngineTest.java
C:\Users\11\OneDrive\Documents\GitHub\investpro\src\test\java\org\investpro\strategy\management\StrategyAssignmentManagerSafetyGateTest.java
C:\Users\11\OneDrive\Documents\GitHub\investpro\src\test\java\org\investpro\strategy\management\StrategyLifecycleEngineAcceptanceTest.java
C:\Users\11\OneDrive\Documents\GitHub\investpro\src\test\java\org\investpro\strategy\persistence\UserStrategyDefinitionStoreTest.java
C:\Users\11\OneDrive\Documents\GitHub\investpro\src\test\java\org\investpro\strategy\StrategyCatalogCandleReversalConfirmationTest.java
C:\Users\11\OneDrive\Documents\GitHub\investpro\src\test\java\org\investpro\strategy\StrategyInstrumentCompatibilityServiceTest.java
C:\Users\11\OneDrive\Documents\GitHub\investpro\src\test\java\org\investpro\strategy\UnifiedStrategyAiTest.java
C:\Users\11\OneDrive\Documents\GitHub\investpro\src\test\java\org\investpro\strategy\user\UserStrategySystemAcceptanceTest.java
C:\Users\11\OneDrive\Documents\GitHub\investpro\src\test\java\org\investpro\terminal\adapter\TerminalExchangeMapperTest.java
C:\Users\11\OneDrive\Documents\GitHub\investpro\src\test\java\org\investpro\terminal\autotrading\AutoTradingUniverseServiceTest.java
C:\Users\11\OneDrive\Documents\GitHub\investpro\src\test\java\org\investpro\terminal\autotrading\TradabilityServiceTest.java
C:\Users\11\OneDrive\Documents\GitHub\investpro\src\test\java\org\investpro\terminal\instrument\InstrumentMasterServiceTest.java
C:\Users\11\OneDrive\Documents\GitHub\investpro\src\test\java\org\investpro\trading\market\OandaInstrumentPolicyTest.java
C:\Users\11\OneDrive\Documents\GitHub\investpro\src\test\java\org\investpro\trading\tradability\session\ExchangeSessionServiceTest.java
C:\Users\11\OneDrive\Documents\GitHub\investpro\src\test\java\org\investpro\transfer\FundingDestinationParserTest.java
C:\Users\11\OneDrive\Documents\GitHub\investpro\src\test\java\org\investpro\transfer\TransferServiceRealModeTest.java
C:\Users\11\OneDrive\Documents\GitHub\investpro\src\test\java\org\investpro\transfer\TransferValidatorPolicyTest.java
C:\Users\11\OneDrive\Documents\GitHub\investpro\src\test\java\org\investpro\ui\charts\CandleStickChartClampTest.java
C:\Users\11\OneDrive\Documents\GitHub\investpro\src\test\java\org\investpro\ui\charts\CanvasSizeLimitsTest.java
C:\Users\11\OneDrive\Documents\GitHub\investpro\src\test\java\org\investpro\ui\charts\ChartTimeframeTest.java
C:\Users\11\OneDrive\Documents\GitHub\investpro\src\test\java\org\investpro\ui\market\MarketWatchProductFilterTest.java
C:\Users\11\OneDrive\Documents\GitHub\investpro\src\test\java\org\investpro\ui\market\MarketWatchSymbolFormatterTest.java
C:\Users\11\OneDrive\Documents\GitHub\investpro\src\test\java\org\investpro\ui\navigation\NavigationLayoutTest.java
C:\Users\11\OneDrive\Documents\GitHub\investpro\src\test\java\org\investpro\ui\navigation\ScreenManagerTest.java
C:\Users\11\OneDrive\Documents\GitHub\investpro\src\test\java\org\investpro\ui\panels\BacktestReportPanelTest.java
C:\Users\11\OneDrive\Documents\GitHub\investpro\src\test\java\org\investpro\ui\panels\MarketWatchCsvTest.java
C:\Users\11\OneDrive\Documents\GitHub\investpro\src\test\java\org\investpro\ui\panels\MarketWatchPanelTest.java
C:\Users\11\OneDrive\Documents\GitHub\investpro\src\test\java\org\investpro\ui\theme\MarketConfigurationTest.java
C:\Users\11\OneDrive\Documents\GitHub\investpro\src\test\java\org\investpro\ui\theme\MarketVenueSelectionTest.java
C:\Users\11\OneDrive\Documents\GitHub\investpro\src\test\java\org\investpro\ui\tools\MoneyAxisFormatterTest.java
C:\Users\11\OneDrive\Documents\GitHub\investpro\src\test\java\org\investpro\ui\TradingDeskSessionTest.java
C:\Users\11\OneDrive\Documents\GitHub\investpro\src\test\java\org\investpro\utils\CoinbaseCredentialDiagnosticTest.java
C:\Users\11\OneDrive\Documents\GitHub\investpro\src\test\java\org\investpro\utils\CoinbaseJwtSignerTest.java
C:\Users\11\OneDrive\Documents\GitHub\investpro\src\test\java\org\investpro\utils\SymbolNormalizerTest.java
